###############################################################################
#
# IAR ELF Linker V7.40.3.8902/W32 for ARM                 11/Nov/2019  14:22:20
# Copyright 2007-2015 IAR Systems AB.
#
#    Output file  =  
#        E:\sdk\zg\code_rf\s907x_freertos\out\IAR\Debug\Exe\application.axf
#    Map file     =  
#        E:\sdk\zg\code_rf\s907x_freertos\example\main\project\IAR\..\..\..\..\out\IAR\Debug\List\application.map
#    Command line =  
#        E:\sdk\zg\code_rf\s907x_freertos\out\IAR\Debug\Obj\adc_test.o
#        E:\sdk\zg\code_rf\s907x_freertos\out\IAR\Debug\Obj\aes.o
#        E:\sdk\zg\code_rf\s907x_freertos\out\IAR\Debug\Obj\aesni.o
#        E:\sdk\zg\code_rf\s907x_freertos\out\IAR\Debug\Obj\api_lib.o
#        E:\sdk\zg\code_rf\s907x_freertos\out\IAR\Debug\Obj\api_msg.o
#        E:\sdk\zg\code_rf\s907x_freertos\out\IAR\Debug\Obj\arc4.o
#        E:\sdk\zg\code_rf\s907x_freertos\out\IAR\Debug\Obj\asn1_dec.o
#        E:\sdk\zg\code_rf\s907x_freertos\out\IAR\Debug\Obj\asn1_enc.o
#        E:\sdk\zg\code_rf\s907x_freertos\out\IAR\Debug\Obj\asn1parse.o
#        E:\sdk\zg\code_rf\s907x_freertos\out\IAR\Debug\Obj\asn1write.o
#        E:\sdk\zg\code_rf\s907x_freertos\out\IAR\Debug\Obj\at_cmd.o
#        E:\sdk\zg\code_rf\s907x_freertos\out\IAR\Debug\Obj\at_esp_init.o
#        E:\sdk\zg\code_rf\s907x_freertos\out\IAR\Debug\Obj\at_network.o
#        E:\sdk\zg\code_rf\s907x_freertos\out\IAR\Debug\Obj\at_test.o
#        E:\sdk\zg\code_rf\s907x_freertos\out\IAR\Debug\Obj\at_wlan.o
#        E:\sdk\zg\code_rf\s907x_freertos\out\IAR\Debug\Obj\auth.o
#        E:\sdk\zg\code_rf\s907x_freertos\out\IAR\Debug\Obj\autoip.o
#        E:\sdk\zg\code_rf\s907x_freertos\out\IAR\Debug\Obj\base64.o
#        E:\sdk\zg\code_rf\s907x_freertos\out\IAR\Debug\Obj\bignum.o
#        E:\sdk\zg\code_rf\s907x_freertos\out\IAR\Debug\Obj\blowfish.o
#        E:\sdk\zg\code_rf\s907x_freertos\out\IAR\Debug\Obj\camellia.o
#        E:\sdk\zg\code_rf\s907x_freertos\out\IAR\Debug\Obj\ccm.o
#        E:\sdk\zg\code_rf\s907x_freertos\out\IAR\Debug\Obj\certs.o
#        E:\sdk\zg\code_rf\s907x_freertos\out\IAR\Debug\Obj\chap.o
#        E:\sdk\zg\code_rf\s907x_freertos\out\IAR\Debug\Obj\chpms.o
#        E:\sdk\zg\code_rf\s907x_freertos\out\IAR\Debug\Obj\cipher.o
#        E:\sdk\zg\code_rf\s907x_freertos\out\IAR\Debug\Obj\cipher_wrap.o
#        E:\sdk\zg\code_rf\s907x_freertos\out\IAR\Debug\Obj\cmac.o
#        E:\sdk\zg\code_rf\s907x_freertos\out\IAR\Debug\Obj\croutine.o
#        E:\sdk\zg\code_rf\s907x_freertos\out\IAR\Debug\Obj\ctr_drbg.o
#        E:\sdk\zg\code_rf\s907x_freertos\out\IAR\Debug\Obj\debug.o
#        E:\sdk\zg\code_rf\s907x_freertos\out\IAR\Debug\Obj\def.o
#        E:\sdk\zg\code_rf\s907x_freertos\out\IAR\Debug\Obj\des.o
#        E:\sdk\zg\code_rf\s907x_freertos\out\IAR\Debug\Obj\dhcp.o
#        E:\sdk\zg\code_rf\s907x_freertos\out\IAR\Debug\Obj\dhcpc.o
#        E:\sdk\zg\code_rf\s907x_freertos\out\IAR\Debug\Obj\dhcps.o
#        E:\sdk\zg\code_rf\s907x_freertos\out\IAR\Debug\Obj\dhm.o
#        E:\sdk\zg\code_rf\s907x_freertos\out\IAR\Debug\Obj\dns.o
#        E:\sdk\zg\code_rf\s907x_freertos\out\IAR\Debug\Obj\ecdh.o
#        E:\sdk\zg\code_rf\s907x_freertos\out\IAR\Debug\Obj\ecdsa.o
#        E:\sdk\zg\code_rf\s907x_freertos\out\IAR\Debug\Obj\ecjpake.o
#        E:\sdk\zg\code_rf\s907x_freertos\out\IAR\Debug\Obj\ecp.o
#        E:\sdk\zg\code_rf\s907x_freertos\out\IAR\Debug\Obj\ecp_curves.o
#        E:\sdk\zg\code_rf\s907x_freertos\out\IAR\Debug\Obj\entropy.o
#        E:\sdk\zg\code_rf\s907x_freertos\out\IAR\Debug\Obj\entropy_poll.o
#        E:\sdk\zg\code_rf\s907x_freertos\out\IAR\Debug\Obj\err.o
#        E:\sdk\zg\code_rf\s907x_freertos\out\IAR\Debug\Obj\error.o
#        E:\sdk\zg\code_rf\s907x_freertos\out\IAR\Debug\Obj\etharp.o
#        E:\sdk\zg\code_rf\s907x_freertos\out\IAR\Debug\Obj\event_groups.o
#        E:\sdk\zg\code_rf\s907x_freertos\out\IAR\Debug\Obj\flash_test.o
#        E:\sdk\zg\code_rf\s907x_freertos\out\IAR\Debug\Obj\freertos_callback.o
#        E:\sdk\zg\code_rf\s907x_freertos\out\IAR\Debug\Obj\fsm.o
#        E:\sdk\zg\code_rf\s907x_freertos\out\IAR\Debug\Obj\gcm.o
#        E:\sdk\zg\code_rf\s907x_freertos\out\IAR\Debug\Obj\gpio_test.o
#        E:\sdk\zg\code_rf\s907x_freertos\out\IAR\Debug\Obj\havege.o
#        E:\sdk\zg\code_rf\s907x_freertos\out\IAR\Debug\Obj\heap_4.o
#        E:\sdk\zg\code_rf\s907x_freertos\out\IAR\Debug\Obj\hmac_drbg.o
#        E:\sdk\zg\code_rf\s907x_freertos\out\IAR\Debug\Obj\httpc_api.o
#        E:\sdk\zg\code_rf\s907x_freertos\out\IAR\Debug\Obj\httpc_core.o
#        E:\sdk\zg\code_rf\s907x_freertos\out\IAR\Debug\Obj\httpd.o
#        E:\sdk\zg\code_rf\s907x_freertos\out\IAR\Debug\Obj\i2c_test.o
#        E:\sdk\zg\code_rf\s907x_freertos\out\IAR\Debug\Obj\i2s_test.o
#        E:\sdk\zg\code_rf\s907x_freertos\out\IAR\Debug\Obj\icmp.o
#        E:\sdk\zg\code_rf\s907x_freertos\out\IAR\Debug\Obj\icmp6.o
#        E:\sdk\zg\code_rf\s907x_freertos\out\IAR\Debug\Obj\igmp.o
#        E:\sdk\zg\code_rf\s907x_freertos\out\IAR\Debug\Obj\inet.o
#        E:\sdk\zg\code_rf\s907x_freertos\out\IAR\Debug\Obj\inet6.o
#        E:\sdk\zg\code_rf\s907x_freertos\out\IAR\Debug\Obj\inet_chksum.o
#        E:\sdk\zg\code_rf\s907x_freertos\out\IAR\Debug\Obj\init.o
#        E:\sdk\zg\code_rf\s907x_freertos\out\IAR\Debug\Obj\ip.o
#        E:\sdk\zg\code_rf\s907x_freertos\out\IAR\Debug\Obj\ip6.o
#        E:\sdk\zg\code_rf\s907x_freertos\out\IAR\Debug\Obj\ip6_addr.o
#        E:\sdk\zg\code_rf\s907x_freertos\out\IAR\Debug\Obj\ip_addr.o
#        E:\sdk\zg\code_rf\s907x_freertos\out\IAR\Debug\Obj\ip_frag.o
#        E:\sdk\zg\code_rf\s907x_freertos\out\IAR\Debug\Obj\ipcp.o
#        E:\sdk\zg\code_rf\s907x_freertos\out\IAR\Debug\Obj\iperf_test.o
#        E:\sdk\zg\code_rf\s907x_freertos\out\IAR\Debug\Obj\ipref_sockets.o
#        E:\sdk\zg\code_rf\s907x_freertos\out\IAR\Debug\Obj\lcp.o
#        E:\sdk\zg\code_rf\s907x_freertos\out\IAR\Debug\Obj\list.o
#        E:\sdk\zg\code_rf\s907x_freertos\out\IAR\Debug\Obj\lwip_md5.o
#        E:\sdk\zg\code_rf\s907x_freertos\out\IAR\Debug\Obj\lwip_timers.o
#        E:\sdk\zg\code_rf\s907x_freertos\out\IAR\Debug\Obj\magic.o
#        E:\sdk\zg\code_rf\s907x_freertos\out\IAR\Debug\Obj\md.o
#        E:\sdk\zg\code_rf\s907x_freertos\out\IAR\Debug\Obj\md2.o
#        E:\sdk\zg\code_rf\s907x_freertos\out\IAR\Debug\Obj\md4.o
#        E:\sdk\zg\code_rf\s907x_freertos\out\IAR\Debug\Obj\md5.o
#        E:\sdk\zg\code_rf\s907x_freertos\out\IAR\Debug\Obj\md_wrap.o
#        E:\sdk\zg\code_rf\s907x_freertos\out\IAR\Debug\Obj\mem.o
#        E:\sdk\zg\code_rf\s907x_freertos\out\IAR\Debug\Obj\memory_buffer_alloc.o
#        E:\sdk\zg\code_rf\s907x_freertos\out\IAR\Debug\Obj\memp.o
#        E:\sdk\zg\code_rf\s907x_freertos\out\IAR\Debug\Obj\mib2.o
#        E:\sdk\zg\code_rf\s907x_freertos\out\IAR\Debug\Obj\mib_structs.o
#        E:\sdk\zg\code_rf\s907x_freertos\out\IAR\Debug\Obj\mqtt_test.o
#        E:\sdk\zg\code_rf\s907x_freertos\out\IAR\Debug\Obj\MQTTConnectClient.o
#        E:\sdk\zg\code_rf\s907x_freertos\out\IAR\Debug\Obj\MQTTDeserializePublish.o
#        E:\sdk\zg\code_rf\s907x_freertos\out\IAR\Debug\Obj\MQTTFormat.o
#        E:\sdk\zg\code_rf\s907x_freertos\out\IAR\Debug\Obj\MQTTPacket.o
#        E:\sdk\zg\code_rf\s907x_freertos\out\IAR\Debug\Obj\MQTTSerializePublish.o
#        E:\sdk\zg\code_rf\s907x_freertos\out\IAR\Debug\Obj\MQTTSubscribeClient.o
#        E:\sdk\zg\code_rf\s907x_freertos\out\IAR\Debug\Obj\MQTTSubscribeServer.o
#        E:\sdk\zg\code_rf\s907x_freertos\out\IAR\Debug\Obj\MQTTUnsubscribeClient.o
#        E:\sdk\zg\code_rf\s907x_freertos\out\IAR\Debug\Obj\msg_in.o
#        E:\sdk\zg\code_rf\s907x_freertos\out\IAR\Debug\Obj\msg_out.o
#        E:\sdk\zg\code_rf\s907x_freertos\out\IAR\Debug\Obj\net_sockets.o
#        E:\sdk\zg\code_rf\s907x_freertos\out\IAR\Debug\Obj\netbuf.o
#        E:\sdk\zg\code_rf\s907x_freertos\out\IAR\Debug\Obj\netdb.o
#        E:\sdk\zg\code_rf\s907x_freertos\out\IAR\Debug\Obj\netif.o
#        E:\sdk\zg\code_rf\s907x_freertos\out\IAR\Debug\Obj\netifapi.o
#        E:\sdk\zg\code_rf\s907x_freertos\out\IAR\Debug\Obj\oid.o
#        E:\sdk\zg\code_rf\s907x_freertos\out\IAR\Debug\Obj\ota_hash.o
#        E:\sdk\zg\code_rf\s907x_freertos\out\IAR\Debug\Obj\ota_md5.o
#        E:\sdk\zg\code_rf\s907x_freertos\out\IAR\Debug\Obj\ota_test.o
#        E:\sdk\zg\code_rf\s907x_freertos\out\IAR\Debug\Obj\padlock.o
#        E:\sdk\zg\code_rf\s907x_freertos\out\IAR\Debug\Obj\pap.o
#        E:\sdk\zg\code_rf\s907x_freertos\out\IAR\Debug\Obj\pbuf.o
#        E:\sdk\zg\code_rf\s907x_freertos\out\IAR\Debug\Obj\pem.o
#        E:\sdk\zg\code_rf\s907x_freertos\out\IAR\Debug\Obj\ping.o
#        E:\sdk\zg\code_rf\s907x_freertos\out\IAR\Debug\Obj\ping_test.o
#        E:\sdk\zg\code_rf\s907x_freertos\out\IAR\Debug\Obj\pk.o
#        E:\sdk\zg\code_rf\s907x_freertos\out\IAR\Debug\Obj\pk_wrap.o
#        E:\sdk\zg\code_rf\s907x_freertos\out\IAR\Debug\Obj\pkcs11.o
#        E:\sdk\zg\code_rf\s907x_freertos\out\IAR\Debug\Obj\pkcs12.o
#        E:\sdk\zg\code_rf\s907x_freertos\out\IAR\Debug\Obj\pkcs5.o
#        E:\sdk\zg\code_rf\s907x_freertos\out\IAR\Debug\Obj\pkparse.o
#        E:\sdk\zg\code_rf\s907x_freertos\out\IAR\Debug\Obj\pkwrite.o
#        E:\sdk\zg\code_rf\s907x_freertos\out\IAR\Debug\Obj\platform.o
#        E:\sdk\zg\code_rf\s907x_freertos\out\IAR\Debug\Obj\port.o
#        E:\sdk\zg\code_rf\s907x_freertos\out\IAR\Debug\Obj\portasm.o
#        E:\sdk\zg\code_rf\s907x_freertos\out\IAR\Debug\Obj\ppp.o
#        E:\sdk\zg\code_rf\s907x_freertos\out\IAR\Debug\Obj\ppp_oe.o
#        E:\sdk\zg\code_rf\s907x_freertos\out\IAR\Debug\Obj\queue.o
#        E:\sdk\zg\code_rf\s907x_freertos\out\IAR\Debug\Obj\randm.o
#        E:\sdk\zg\code_rf\s907x_freertos\out\IAR\Debug\Obj\raw.o
#        E:\sdk\zg\code_rf\s907x_freertos\out\IAR\Debug\Obj\rf_test.o
#        E:\sdk\zg\code_rf\s907x_freertos\out\IAR\Debug\Obj\ripemd160.o
#        E:\sdk\zg\code_rf\s907x_freertos\out\IAR\Debug\Obj\rsa.o
#        E:\sdk\zg\code_rf\s907x_freertos\out\IAR\Debug\Obj\rsa_internal.o
#        E:\sdk\zg\code_rf\s907x_freertos\out\IAR\Debug\Obj\rtc_test.o
#        E:\sdk\zg\code_rf\s907x_freertos\out\IAR\Debug\Obj\s907x_cortex.o
#        E:\sdk\zg\code_rf\s907x_freertos\library\IAR\s907x_net.a
#        E:\sdk\zg\code_rf\s907x_freertos\library\IAR\s907x_platform.a
#        E:\sdk\zg\code_rf\s907x_freertos\out\IAR\Debug\Obj\sci_lwiperf.o
#        E:\sdk\zg\code_rf\s907x_freertos\out\IAR\Debug\Obj\sha1.o
#        E:\sdk\zg\code_rf\s907x_freertos\out\IAR\Debug\Obj\sha256.o
#        E:\sdk\zg\code_rf\s907x_freertos\out\IAR\Debug\Obj\sha512.o
#        E:\sdk\zg\code_rf\s907x_freertos\out\IAR\Debug\Obj\slipif.o
#        E:\sdk\zg\code_rf\s907x_freertos\out\IAR\Debug\Obj\sntp.o
#        E:\sdk\zg\code_rf\s907x_freertos\out\IAR\Debug\Obj\sntp_api.o
#        E:\sdk\zg\code_rf\s907x_freertos\out\IAR\Debug\Obj\sntp_time.o
#        E:\sdk\zg\code_rf\s907x_freertos\out\IAR\Debug\Obj\sockets.o
#        E:\sdk\zg\code_rf\s907x_freertos\out\IAR\Debug\Obj\spi_test.o
#        E:\sdk\zg\code_rf\s907x_freertos\out\IAR\Debug\Obj\ssl_cache.o
#        E:\sdk\zg\code_rf\s907x_freertos\out\IAR\Debug\Obj\ssl_ciphersuites.o
#        E:\sdk\zg\code_rf\s907x_freertos\out\IAR\Debug\Obj\ssl_cli.o
#        E:\sdk\zg\code_rf\s907x_freertos\out\IAR\Debug\Obj\ssl_cookie.o
#        E:\sdk\zg\code_rf\s907x_freertos\out\IAR\Debug\Obj\ssl_srv.o
#        E:\sdk\zg\code_rf\s907x_freertos\out\IAR\Debug\Obj\ssl_ticket.o
#        E:\sdk\zg\code_rf\s907x_freertos\out\IAR\Debug\Obj\ssl_tls.o
#        E:\sdk\zg\code_rf\s907x_freertos\out\IAR\Debug\Obj\stats.o
#        E:\sdk\zg\code_rf\s907x_freertos\out\IAR\Debug\Obj\stream_buffer.o
#        E:\sdk\zg\code_rf\s907x_freertos\out\IAR\Debug\Obj\sys.o
#        E:\sdk\zg\code_rf\s907x_freertos\out\IAR\Debug\Obj\sys_arch.o
#        E:\sdk\zg\code_rf\s907x_freertos\out\IAR\Debug\Obj\system_start.o
#        E:\sdk\zg\code_rf\s907x_freertos\out\IAR\Debug\Obj\tasks.o
#        E:\sdk\zg\code_rf\s907x_freertos\out\IAR\Debug\Obj\tcp.o
#        E:\sdk\zg\code_rf\s907x_freertos\out\IAR\Debug\Obj\tcp_in.o
#        E:\sdk\zg\code_rf\s907x_freertos\out\IAR\Debug\Obj\tcp_out.o
#        E:\sdk\zg\code_rf\s907x_freertos\out\IAR\Debug\Obj\tcpip.o
#        E:\sdk\zg\code_rf\s907x_freertos\out\IAR\Debug\Obj\threading.o
#        E:\sdk\zg\code_rf\s907x_freertos\out\IAR\Debug\Obj\timer_test.o
#        E:\sdk\zg\code_rf\s907x_freertos\out\IAR\Debug\Obj\timers.o
#        E:\sdk\zg\code_rf\s907x_freertos\out\IAR\Debug\Obj\timing.o
#        E:\sdk\zg\code_rf\s907x_freertos\out\IAR\Debug\Obj\transport.o
#        E:\sdk\zg\code_rf\s907x_freertos\out\IAR\Debug\Obj\tuya_test.o
#        E:\sdk\zg\code_rf\s907x_freertos\out\IAR\Debug\Obj\uart_test.o
#        E:\sdk\zg\code_rf\s907x_freertos\out\IAR\Debug\Obj\udp.o
#        E:\sdk\zg\code_rf\s907x_freertos\out\IAR\Debug\Obj\utils.o
#        E:\sdk\zg\code_rf\s907x_freertos\out\IAR\Debug\Obj\version.o
#        E:\sdk\zg\code_rf\s907x_freertos\out\IAR\Debug\Obj\version_features.o
#        E:\sdk\zg\code_rf\s907x_freertos\out\IAR\Debug\Obj\vj.o
#        E:\sdk\zg\code_rf\s907x_freertos\out\IAR\Debug\Obj\wdg_test.o
#        E:\sdk\zg\code_rf\s907x_freertos\out\IAR\Debug\Obj\wlan_test.o
#        E:\sdk\zg\code_rf\s907x_freertos\out\IAR\Debug\Obj\x509.o
#        E:\sdk\zg\code_rf\s907x_freertos\out\IAR\Debug\Obj\x509_create.o
#        E:\sdk\zg\code_rf\s907x_freertos\out\IAR\Debug\Obj\x509_crl.o
#        E:\sdk\zg\code_rf\s907x_freertos\out\IAR\Debug\Obj\x509_crt.o
#        E:\sdk\zg\code_rf\s907x_freertos\out\IAR\Debug\Obj\x509_csr.o
#        E:\sdk\zg\code_rf\s907x_freertos\out\IAR\Debug\Obj\x509write_crt.o
#        E:\sdk\zg\code_rf\s907x_freertos\out\IAR\Debug\Obj\x509write_csr.o
#        E:\sdk\zg\code_rf\s907x_freertos\out\IAR\Debug\Obj\xtea.o --redirect
#        _Printf=_PrintfFull -o
#        E:\sdk\zg\code_rf\s907x_freertos\out\IAR\Debug\Exe\application.axf
#        --map
#        E:\sdk\zg\code_rf\s907x_freertos\example\main\project\IAR\..\..\..\..\out\IAR\Debug\List\application.map
#        --config
#        E:\sdk\zg\code_rf\s907x_freertos\example\main\project\IAR\..\..\..\..\script\links\IAR\image.icf
#        --semihosting --entry system_ll_reset --vfe
#
###############################################################################

*******************************************************************************
*** MESSAGES
***


  place at start of USER_RAM_REGION  { readwrite, 
  ^
"E:\sdk\zg\code_rf\s907x_freertos\example\main\project\IAR\..\..\..\..\script\links\IAR\image.icf",67  Warning[Lp005]: 
          placement includes a mix of sections with content (example "rw data s
          ection .system.entry.data in system_start.o symbols: [system_entry]")
          and sections without content (example "zi section .bss in adc_test.o"
          )


*******************************************************************************
*** RUNTIME MODEL ATTRIBUTES
***

CppFlavor                     = *
__Heap_Handler                = DLMalloc
__SystemLibrary               = DLib
__dlib_dynamic_initialization = normal


*******************************************************************************
*** PLACEMENT SUMMARY
***

"A1":  place at start of [0x10015900-0x10046fff] {
          rw, block .ota1_ram.data, block .ota1_ram.bss, section .intvec,
          block .heap.start };
"A2":  place at start of [0x18060020-0x181fffff] { rw, block .ota1_image.text };
"A3":  place at start of [0x10045000-0x10045fff] { rw, block HEAP };

  Section                 Kind        Address     Size  Object
  -------                 ----        -------     ----  ------
"A1":                                          0x123e8
  .ota1_ram.data                   0x10015900    0xfb8  <Block>
    .system.entry                  0x10015900      0xc  <Block>
      .system.entry.data  rw data  0x10015900      0xc  system_start.o [1]
    .ram.data                      0x1001590c    0xfac  <Block>
      .data               rw data  0x1001590c    0x138  adc_test.o [1]
      .data               rw data  0x10015a44    0x230  at_cmd.o [1]
      .data               rw data  0x10015c74    0x1dc  at_test.o [1]
      .data               rw data  0x10015e50      0x4  dhcps.o [1]
      .data               rw data  0x10015e54      0x4  dhcps.o [1]
      .data               rw data  0x10015e58      0x4  ecp_curves.o [1]
      .data               rw data  0x10015e5c      0x8  ecp_curves.o [1]
      .data               rw data  0x10015e64      0x8  ecp_curves.o [1]
      .data               rw data  0x10015e6c      0x8  ecp_curves.o [1]
      .data               rw data  0x10015e74     0x9c  flash_test.o [1]
      .data               rw data  0x10015f10    0x138  gpio_test.o [1]
      .data               rw data  0x10016048    0x104  i2c_test.o [1]
      .data               rw data  0x1001614c     0x34  i2s_test.o [1]
      .data               rw data  0x10016180     0x68  mqtt_test.o [1]
      .data               rw data  0x100161e8     0x20  ota_test.o [1]
      .data               rw data  0x10016208      0x4  platform.o [1]
      .data               rw data  0x1001620c      0x4  platform.o [1]
      .data               rw data  0x10016210      0x4  port.o [1]
      .data               rw data  0x10016214     0x68  rtc_test.o [1]
      .data               rw data  0x1001627c     0x1c  rtc_test.o [1]
      .data               rw data  0x10016298     0xd0  spi_test.o [1]
      .data               rw data  0x10016368     0x34  spi_test.o [1]
      .data               rw data  0x1001639c     0x14  ssl_tls.o [1]
      .data               rw data  0x100163b0     0x18  ssl_tls.o [1]
      .data               rw data  0x100163c8      0xc  ssl_tls.o [1]
      .data               rw data  0x100163d4      0xc  ssl_tls.o [1]
      .data               rw data  0x100163e0      0x4  ssl_tls.o [1]
      .data               rw data  0x100163e4      0x4  tcp.o [1]
      .data               rw data  0x100163e8    0x16c  timer_test.o [1]
      .data               rw data  0x10016554      0x4  transport.o [1]
      .data               rw data  0x10016558      0x4  uart_test.o [1]
      .data               rw data  0x1001655c    0x138  uart_test.o [1]
      .data               rw data  0x10016694     0x68  wdg_test.o [1]
      .data               rw data  0x100166fc     0x30  hal_i2c.o [7]
      .data               rw data  0x1001672c     0x30  hal_i2c.o [7]
      .data               rw data  0x1001675c      0x2  tcp.o [1]
      .data               rw data  0x1001675e      0x2  udp.o [1]
      .data               rw data  0x10016760      0x1  dhcps.o [1]
      .iar.init_table     const    0x10016764     0x18  - Linker created -
      __DLIB_PERTHREAD    rw data  0x1001677c     0x2c  xttotm.o [3]
      __DLIB_PERTHREAD    rw data  0x100167a8      0x8  localtim.o [3]
      __DLIB_PERTHREAD    rw data  0x100167b0      0x4  errno.o [3]
      __DLIB_PERTHREAD    rw data  0x100167b4     0x88  localeconv.o [3]
      __DLIB_PERTHREAD    rw data  0x1001683c     0x74  setlocale.o [3]
      __DLIB_PERTHREAD    rw data  0x100168b0      0x4  xisdst.o [3]
      __DLIB_PERTHREAD    rw data  0x100168b4      0x4  xisdstData.o [3]
      CPP_INIT                     0x100168b8      0x0  <Block>
        SHT$$PREINIT_ARRAY
                                   0x100168b8      0x0  <Block>
        SHT$$INIT_ARRAY            0x100168b8      0x0  <Block>
  .ota1_ram.bss                    0x100168b8  0x1142c  <Block>
    .bss                  zero     0x100168b8    0x218  adc_test.o [1]
    .bss                  zero     0x10016ad0      0x4  adc_test.o [1]
    .bss                  zero     0x10016ad4    0xb80  at_cmd.o [1]
    .bss                  zero     0x10017654     0x1c  at_cmd.o [1]
    .bss                  zero     0x10017670      0x4  debug.o [1]
    .bss                  zero     0x10017674     0x28  dhcp.o [1]
    .bss                  zero     0x1001769c      0xc  dhcp.o [1]
    .bss                  zero     0x100176a8      0x4  dhcp.o [1]
    .bss                  zero     0x100176ac      0x4  dhcps.o [1]
    .bss                  zero     0x100176b0      0x4  dhcps.o [1]
    .bss                  zero     0x100176b4      0x4  dhcps.o [1]
    .bss                  zero     0x100176b8      0x4  dhcps.o [1]
    .bss                  zero     0x100176bc      0x4  dhcps.o [1]
    .bss                  zero     0x100176c0      0x4  dhcps.o [1]
    .bss                  zero     0x100176c4      0x4  dhcps.o [1]
    .bss                  zero     0x100176c8      0x4  dhcps.o [1]
    .bss                  zero     0x100176cc      0x4  dhcps.o [1]
    .bss                  zero     0x100176d0      0x4  dhcps.o [1]
    .bss                  zero     0x100176d4      0x4  dhcps.o [1]
    .bss                  zero     0x100176d8      0x4  dhcps.o [1]
    .bss                  zero     0x100176dc      0x4  dhcps.o [1]
    .bss                  zero     0x100176e0      0x4  dhcps.o [1]
    .bss                  zero     0x100176e4      0x4  dhcps.o [1]
    .bss                  zero     0x100176e8      0x4  dhcps.o [1]
    .bss                  zero     0x100176ec      0x4  dhcps.o [1]
    .bss                  zero     0x100176f0    0x620  dhcps.o [1]
    .bss                  zero     0x10017d10      0x4  dhcps.o [1]
    .bss                  zero     0x10017d14      0x8  dhcps.o [1]
    .bss                  zero     0x10017d1c      0x4  dhcps.o [1]
    .bss                  zero     0x10017d20      0x4  dhcps.o [1]
    .bss                  zero     0x10017d24     0x10  dns.o [1]
    .bss                  zero     0x10017d34    0x440  dns.o [1]
    .bss                  zero     0x10018174     0x30  dns.o [1]
    .bss                  zero     0x100181a4      0x8  dns.o [1]
    .bss                  zero     0x100181ac    0x204  dns.o [1]
    .bss                  zero     0x100183b0      0x4  dns.o [1]
    .bss                  zero     0x100183b4      0xc  ecp.o [1]
    .bss                  zero     0x100183c0      0x4  ecp.o [1]
    .bss                  zero     0x100183c4     0xc8  etharp.o [1]
    .bss                  zero     0x1001848c      0x4  etharp.o [1]
    .bss                  zero     0x10018490    0x400  freertos_callback.o [1]
    .bss                  zero     0x10018890   0x1000  freertos_callback.o [1]
    .bss                  zero     0x10019890     0x68  freertos_callback.o [1]
    .bss                  zero     0x100198f8     0x68  freertos_callback.o [1]
    .bss                  zero     0x10019960      0x4  gpio_test.o [1]
    .bss                  zero     0x10019964      0x4  gpio_test.o [1]
    .bss                  zero     0x10019968      0x4  heap_4.o [1]
    .bss                  zero     0x1001996c      0x8  heap_4.o [1]
    .bss                  zero     0x10019974      0x4  heap_4.o [1]
    .bss                  zero     0x10019978      0x4  heap_4.o [1]
    .bss                  zero     0x1001997c      0x4  heap_4.o [1]
    .bss                  zero     0x10019980      0x4  heap_4.o [1]
    .bss                  zero     0x10019984      0x4  heap_4.o [1]
    .bss                  zero     0x10019988      0x4  heap_4.o [1]
    .bss                  zero     0x1001998c      0x4  heap_4.o [1]
    .bss                  zero     0x10019990      0x4  i2c_test.o [1]
    .bss                  zero     0x10019994      0x4  i2c_test.o [1]
    .bss                  zero     0x10019998      0x4  i2c_test.o [1]
    .bss                  zero     0x1001999c      0x4  i2c_test.o [1]
    .bss                  zero     0x100199a0      0x4  i2c_test.o [1]
    .bss                  zero     0x100199a4     0x80  i2c_test.o [1]
    .bss                  zero     0x10019a24     0x80  i2c_test.o [1]
    .bss                  zero     0x10019aa4     0x10  i2c_test.o [1]
    .bss                  zero     0x10019ab4     0x10  i2c_test.o [1]
    .bss                  zero     0x10019ac4     0x10  i2c_test.o [1]
    .bss                  zero     0x10019ad4     0x10  i2c_test.o [1]
    .bss                  zero     0x10019ae4     0x10  i2c_test.o [1]
    .bss                  zero     0x10019af4     0x10  i2c_test.o [1]
    .bss                  zero     0x10019b04      0x4  i2c_test.o [1]
    .bss                  zero     0x10019b08      0x4  i2c_test.o [1]
    .bss                  zero     0x10019b0c      0x4  i2c_test.o [1]
    .bss                  zero     0x10019b10      0x4  i2c_test.o [1]
    .bss                  zero     0x10019b14      0x4  i2c_test.o [1]
    .bss                  zero     0x10019b18      0x4  i2c_test.o [1]
    .bss                  zero     0x10019b1c      0x4  i2c_test.o [1]
    .bss                  zero     0x10019b20      0x4  i2c_test.o [1]
    .bss                  zero     0x10019b24    0x200  i2c_test.o [1]
    .bss                  zero     0x10019d24     0x48  i2s_test.o [1]
    .bss                  zero     0x10019d6c    0xfa0  i2s_test.o [1]
    .bss                  zero     0x1001ad0c    0xfa0  i2s_test.o [1]
    .bss                  zero     0x1001bcac      0x4  igmp.o [1]
    .bss                  zero     0x1001bcb0      0x4  igmp.o [1]
    .bss                  zero     0x1001bcb4      0x4  igmp.o [1]
    .bss                  zero     0x1001bcb8      0x4  ip.o [1]
    .bss                  zero     0x1001bcbc      0x4  ip.o [1]
    .bss                  zero     0x1001bcc0      0x4  ip.o [1]
    .bss                  zero     0x1001bcc4      0x4  ip.o [1]
    .bss                  zero     0x1001bcc8     0x10  ip_addr.o [1]
    .bss                  zero     0x1001bcd8      0x4  ip_frag.o [1]
    .bss                  zero     0x1001bcdc      0x4  ipref_sockets.o [1]
    .bss                  zero     0x1001bce0      0x4  ipref_sockets.o [1]
    .bss                  zero     0x1001bce4      0x4  ipref_sockets.o [1]
    .bss                  zero     0x1001bce8     0x10  ipref_sockets.o [1]
    .bss                  zero     0x1001bcf8      0x4  lwip_timers.o [1]
    .bss                  zero     0x1001bcfc      0x4  lwip_timers.o [1]
    .bss                  zero     0x1001bd00   0x1414  mem.o [1]
    .bss                  zero     0x1001d114      0x4  mem.o [1]
    .bss                  zero     0x1001d118      0x4  mem.o [1]
    .bss                  zero     0x1001d11c      0x4  mem.o [1]
    .bss                  zero     0x1001d120      0x4  mem.o [1]
    .bss                  zero     0x1001d124     0x40  memp.o [1]
    .bss                  zero     0x1001d164   0x9284  memp.o [1]
    .bss                  zero     0x100263e8      0x4  mqtt_test.o [1]
    .bss                  zero     0x100263ec      0x4  mqtt_test.o [1]
    .bss                  zero     0x100263f0      0x4  MQTTPacket.o [1]
    .bss                  zero     0x100263f4      0x4  netdb.o [1]
    .bss                  zero     0x100263f8     0x14  netdb.o [1]
    .bss                  zero     0x1002640c      0x4  netdb.o [1]
    .bss                  zero     0x10026410      0x4  netdb.o [1]
    .bss                  zero     0x10026414      0x8  netdb.o [1]
    .bss                  zero     0x1002641c      0x4  netif.o [1]
    .bss                  zero     0x10026420      0x4  netif.o [1]
    .bss                  zero     0x10026424      0xc  ota_test.o [1]
    .bss                  zero     0x10026430     0x40  ota_test.o [1]
    .bss                  zero     0x10026470      0x4  ota_test.o [1]
    .bss                  zero     0x10026474      0x4  ping.o [1]
    .bss                  zero     0x10026478      0x4  ping.o [1]
    .bss                  zero     0x1002647c     0x10  ping.o [1]
    .bss                  zero     0x1002648c      0x4  ping.o [1]
    .bss                  zero     0x10026490      0x4  ping.o [1]
    .bss                  zero     0x10026494      0x4  port.o [1]
    .bss                  zero     0x10026498      0x4  port.o [1]
    .bss                  zero     0x1002649c      0x4  port.o [1]
    .bss                  zero     0x100264a0      0x4  raw.o [1]
    .bss                  zero     0x100264a4     0x24  rf_test.o [1]
    .bss                  zero     0x100264c8     0xbc  rf_test.o [1]
    .bss                  zero     0x10026584     0xbc  rf_test.o [1]
    .bss                  zero     0x10026640     0x64  rtc_test.o [1]
    .bss                  zero     0x100266a4      0x4  sci_lwiperf.o [1]
    .bss                  zero     0x100266a8      0x4  sntp.o [1]
    .bss                  zero     0x100266ac      0x8  sntp.o [1]
    .bss                  zero     0x100266b4      0x4  sntp.o [1]
    .bss                  zero     0x100266b8      0x4  sntp_time.o [1]
    .bss                  zero     0x100266bc    0x120  sockets.o [1]
    .bss                  zero     0x100267dc      0x4  sockets.o [1]
    .bss                  zero     0x100267e0      0x4  sockets.o [1]
    .bss                  zero     0x100267e4     0x7c  spi_test.o [1]
    .bss                  zero     0x10026860     0x7c  spi_test.o [1]
    .bss                  zero     0x100268dc     0x7c  spi_test.o [1]
    .bss                  zero     0x10026958     0x7c  spi_test.o [1]
    .bss                  zero     0x100269d4      0x4  spi_test.o [1]
    .bss                  zero     0x100269d8      0x4  spi_test.o [1]
    .bss                  zero     0x100269dc      0x4  spi_test.o [1]
    .bss                  zero     0x100269e0      0x4  spi_test.o [1]
    .bss                  zero     0x100269e4      0x4  spi_test.o [1]
    .bss                  zero     0x100269e8     0x40  spi_test.o [1]
    .bss                  zero     0x10026a28     0x40  spi_test.o [1]
    .bss                  zero     0x10026a68     0x40  spi_test.o [1]
    .bss                  zero     0x10026aa8     0x40  spi_test.o [1]
    .bss                  zero     0x10026ae8     0x80  spi_test.o [1]
    .bss                  zero     0x10026b68     0x80  spi_test.o [1]
    .bss                  zero     0x10026be8     0x80  spi_test.o [1]
    .bss                  zero     0x10026c68     0x80  spi_test.o [1]
    .bss                  zero     0x10026ce8      0x4  spi_test.o [1]
    .bss                  zero     0x10026cec      0x4  spi_test.o [1]
    .bss                  zero     0x10026cf0      0x4  spi_test.o [1]
    .bss                  zero     0x10026cf4      0x4  spi_test.o [1]
    .bss                  zero     0x10026cf8      0x4  spi_test.o [1]
    .bss                  zero     0x10026cfc      0x4  spi_test.o [1]
    .bss                  zero     0x10026d00      0x4  spi_test.o [1]
    .bss                  zero     0x10026d04      0x4  spi_test.o [1]
    .bss                  zero     0x10026d08     0x30  sys_arch.o [1]
    .bss                  zero     0x10026d38      0x4  system_start.o [1]
    .bss                  zero     0x10026d3c     0x28  system_start.o [1]
    .bss                  zero     0x10026d64      0x4  system_start.o [1]
    .bss                  zero     0x10026d68      0x4  tasks.o [1]
    .bss                  zero     0x10026d6c     0xdc  tasks.o [1]
    .bss                  zero     0x10026e48     0x14  tasks.o [1]
    .bss                  zero     0x10026e5c     0x14  tasks.o [1]
    .bss                  zero     0x10026e70      0x4  tasks.o [1]
    .bss                  zero     0x10026e74      0x4  tasks.o [1]
    .bss                  zero     0x10026e78     0x14  tasks.o [1]
    .bss                  zero     0x10026e8c     0x14  tasks.o [1]
    .bss                  zero     0x10026ea0      0x4  tasks.o [1]
    .bss                  zero     0x10026ea4     0x14  tasks.o [1]
    .bss                  zero     0x10026eb8      0x4  tasks.o [1]
    .bss                  zero     0x10026ebc      0x4  tasks.o [1]
    .bss                  zero     0x10026ec0      0x4  tasks.o [1]
    .bss                  zero     0x10026ec4      0x4  tasks.o [1]
    .bss                  zero     0x10026ec8      0x4  tasks.o [1]
    .bss                  zero     0x10026ecc      0x4  tasks.o [1]
    .bss                  zero     0x10026ed0      0x4  tasks.o [1]
    .bss                  zero     0x10026ed4      0x4  tasks.o [1]
    .bss                  zero     0x10026ed8      0x4  tasks.o [1]
    .bss                  zero     0x10026edc      0x4  tasks.o [1]
    .bss                  zero     0x10026ee0      0x4  tasks.o [1]
    .bss                  zero     0x10026ee4      0x4  tcp.o [1]
    .bss                  zero     0x10026ee8      0x4  tcp.o [1]
    .bss                  zero     0x10026eec      0x4  tcp.o [1]
    .bss                  zero     0x10026ef0      0x4  tcp.o [1]
    .bss                  zero     0x10026ef4      0x4  tcp.o [1]
    .bss                  zero     0x10026ef8      0x4  tcp.o [1]
    .bss                  zero     0x10026efc     0x10  tcp_in.o [1]
    .bss                  zero     0x10026f0c      0x4  tcp_in.o [1]
    .bss                  zero     0x10026f10      0x4  tcp_in.o [1]
    .bss                  zero     0x10026f14      0x4  tcp_in.o [1]
    .bss                  zero     0x10026f18      0x4  tcp_in.o [1]
    .bss                  zero     0x10026f1c      0x4  tcp_in.o [1]
    .bss                  zero     0x10026f20      0x4  tcp_in.o [1]
    .bss                  zero     0x10026f24      0x4  tcpip.o [1]
    .bss                  zero     0x10026f28      0x4  tcpip.o [1]
    .bss                  zero     0x10026f2c      0x4  tcpip.o [1]
    .bss                  zero     0x10026f30      0x4  tcpip.o [1]
    .bss                  zero     0x10026f34     0xbc  timer_test.o [1]
    .bss                  zero     0x10026ff0     0xac  timer_test.o [1]
    .bss                  zero     0x1002709c      0x4  timer_test.o [1]
    .bss                  zero     0x100270a0      0x4  timer_test.o [1]
    .bss                  zero     0x100270a4      0x4  timer_test.o [1]
    .bss                  zero     0x100270a8      0x4  timer_test.o [1]
    .bss                  zero     0x100270ac     0x50  timer_test.o [1]
    .bss                  zero     0x100270fc     0x14  timers.o [1]
    .bss                  zero     0x10027110     0x14  timers.o [1]
    .bss                  zero     0x10027124      0x4  timers.o [1]
    .bss                  zero     0x10027128      0x4  timers.o [1]
    .bss                  zero     0x1002712c      0x4  timers.o [1]
    .bss                  zero     0x10027130      0x4  timers.o [1]
    .bss                  zero     0x10027134      0x4  timers.o [1]
    .bss                  zero     0x10027138     0x48  timers.o [1]
    .bss                  zero     0x10027180     0xa0  timers.o [1]
    .bss                  zero     0x10027220      0x8  transport.o [1]
    .bss                  zero     0x10027228     0x88  uart_test.o [1]
    .bss                  zero     0x100272b0    0x100  uart_test.o [1]
    .bss                  zero     0x100273b0    0x100  uart_test.o [1]
    .bss                  zero     0x100274b0      0x4  uart_test.o [1]
    .bss                  zero     0x100274b4      0x4  uart_test.o [1]
    .bss                  zero     0x100274b8      0x4  uart_test.o [1]
    .bss                  zero     0x100274bc      0x4  uart_test.o [1]
    .bss                  zero     0x100274c0      0x4  uart_test.o [1]
    .bss                  zero     0x100274c4    0x100  uart_test.o [1]
    .bss                  zero     0x100275c4    0x100  uart_test.o [1]
    .bss                  zero     0x100276c4    0x100  uart_test.o [1]
    .bss                  zero     0x100277c4    0x100  uart_test.o [1]
    .bss                  zero     0x100278c4      0x4  udp.o [1]
    .bss                  zero     0x100278c8      0xc  wdg_test.o [1]
    .bss                  zero     0x100278d4      0x4  wlan_test.o [1]
    .bss                  zero     0x100278d8      0x4  wlan_test.o [1]
    .bss                  zero     0x100278dc      0x8  wlan_test.o [1]
    .bss                  zero     0x100278e4      0x4  wlan_test.o [1]
    .bss                  zero     0x100278e8      0x4  wlan_test.o [1]
    .bss                  zero     0x100278ec      0x4  wlan_test.o [1]
    .bss                  zero     0x100278f0      0x4  os_api.o [7]
    .bss                  zero     0x100278f4      0x4  mbedtls_crypto.o [6]
    .bss                  zero     0x100278f8     0xc4  wlan_api.o [7]
    .bss                  zero     0x100279bc      0x4  wlan_uart_utils.o [6]
    .bss                  zero     0x100279c0      0x4  wlan_uart_utils.o [6]
    .bss                  zero     0x100279c4      0x4  wlan_uart_utils.o [6]
    .bss                  zero     0x100279c8      0x4  wlan_uart_utils.o [6]
    .bss                  zero     0x100279cc     0x88  lwip_conf.o [6]
    .bss                  zero     0x10027a54     0x20  lwip_conf.o [6]
    .bss                  zero     0x10027a74      0x4  lwip_conf.o [6]
    .bss                  zero     0x10027a78     0x44  lwip_conf.o [6]
    .bss                  zero     0x10027abc      0x4  hal_i2c.o [7]
    .bss                  zero     0x10027ac0      0x4  hal_rtc.o [7]
    .bss                  zero     0x10027ac4     0x18  dlmalloc.o [3]
    .bss                  zero     0x10027adc    0x1d8  dlmalloc.o [3]
    .bss                  zero     0x10027cb4      0x4  xgetmemchunk.o [3]
    .bss                  zero     0x10027cb8      0x2  ip.o [1]
    .bss                  zero     0x10027cba      0x2  ip_frag.o [1]
    .bss                  zero     0x10027cbc      0x2  rf_test.o [1]
    .bss                  zero     0x10027cbe      0x2  rf_test.o [1]
    .bss                  zero     0x10027cc0      0x2  sys_arch.o [1]
    .bss                  zero     0x10027cc2      0x2  tcp_in.o [1]
    .bss                  zero     0x10027cc4      0x2  timer_test.o [1]
    .bss                  zero     0x10027cc6      0x1  dhcps.o [1]
    .bss                  zero     0x10027cc7      0x1  dns.o [1]
    .bss                  zero     0x10027cc8      0x1  dns.o [1]
    .bss                  zero     0x10027cc9      0x1  etharp.o [1]
    .bss                  zero     0x10027cca      0x1  gpio_test.o [1]
    .bss                  zero     0x10027ccb      0x1  netif.o [1]
    .bss                  zero     0x10027ccc      0x1  pbuf.o [1]
    .bss                  zero     0x10027ccd      0x1  sntp.o [1]
    .bss                  zero     0x10027cce      0x1  spi_test.o [1]
    .bss                  zero     0x10027ccf      0x1  spi_test.o [1]
    .bss                  zero     0x10027cd0      0x1  spi_test.o [1]
    .bss                  zero     0x10027cd1      0x1  spi_test.o [1]
    .bss                  zero     0x10027cd2      0x1  spi_test.o [1]
    .bss                  zero     0x10027cd3      0x1  spi_test.o [1]
    .bss                  zero     0x10027cd4      0x1  spi_test.o [1]
    .bss                  zero     0x10027cd5      0x1  spi_test.o [1]
    .bss                  zero     0x10027cd6      0x1  tcp.o [1]
    .bss                  zero     0x10027cd7      0x1  tcp.o [1]
    .bss                  zero     0x10027cd8      0x1  tcp.o [1]
    .bss                  zero     0x10027cd9      0x1  tcp_in.o [1]
    .bss                  zero     0x10027cda      0x1  tcp_in.o [1]
    .bss                  zero     0x10027cdb      0x1  timer_test.o [1]
    .bss                  zero     0x10027cdc      0x1  timer_test.o [1]
    .bss                  zero     0x10027cdd      0x1  uart_test.o [1]
    .bss                  zero     0x10027cde      0x1  uart_test.o [1]
    .bss                  zero     0x10027cdf      0x1  uart_test.o [1]
    .bss                  zero     0x10027ce0      0x1  wlan_test.o [1]
    .bss                  zero     0x10027ce1      0x1  wlan_uart_utils.o [6]
    .bss                  zero     0x10027ce2      0x1  wlan_uart_utils.o [6]
  .heap.start                      0x10027ce4      0x4  <Block>
    .heap.start.data      zero     0x10027ce4      0x1  heap_4.o [1]
                                 - 0x10027ce8  0x123e8

"A3":                                           0x1000
  HEAP                             0x10045000   0x1000  <Block>
    HEAP                  uninit   0x10045000   0x1000  <Block tail>
                                 - 0x10046000   0x1000

"A2":                                          0x64598
  .ota1_image.text                 0x18060020  0x64598  <Block>
    .text                 ro code  0x18060020    0x4e4  adc_test.o [1]
    .text                 ro code  0x18060504    0x480  hal_adc.o [7]
    .text                 ro code  0x18060984     0xda  helper.o [7]
    .text                 ro code  0x18060a5e     0x1a  xsnprout.o [3]
    .text                 ro code  0x18060a78    0x2fc  os_api.o [7]
    .text                 ro code  0x18060d74     0x90  DblToFlt.o [4]
    .text                 ro code  0x18060e04     0x66  ABImemset.o [5]
    .text                 ro code  0x18060e6a      0xa  xsprout.o [3]
    .text                 ro code  0x18060e74     0xb8  hal_rcc.o [7]
    .text                 ro code  0x18060f2c     0x72  hal_clk.o [7]
    .text                 ro code  0x18060f9e    0x292  hal_interrupt.o [7]
    .text                 ro code  0x18061230     0x30  I32ToDbl.o [4]
    .text                 ro code  0x18061260    0x1a2  DblMul.o [4]
    .text                 ro code  0x18061402     0x1e  xsscin.o [3]
    .text                 ro code  0x18061420     0xe8  DblAdd.o [4]
    .text                 ro code  0x18061508    0x8a8  wlan_api.o [7]
    .text                 ro code  0x18061db0    0x888  queue.o [1]
    .text                 ro code  0x18062638   0x10a4  tasks.o [1]
    .text                 ro code  0x180636dc    0x132  port.o [1]
    .text                 ro code  0x18063810    0x274  heap_4.o [1]
    .text                 ro code  0x18063a84    0x180  DblSub.o [4]
    .text                 ro code  0x18063c04     0x76  ABImemcpy_unaligned.o [5]
    .text                 ro code  0x18063c7c     0x34  sprintf.o [3]
    .text                 ro code  0x18063cb0     0x24  sscanf.o [3]
    .text                 ro code  0x18063cd4     0x9e  list.o [1]
    .text                 ro code  0x18063d74     0x56  freertos_callback.o [1]
    .text                 ro code  0x18063dcc    0x4dc  timers.o [1]
    .text                 ro code  0x180642a8   0x1156  xprintffull.o [3]
    .text                 ro code  0x18065400    0x630  xscanflarge_nomb.o [3]
    .text                 ro code  0x18065a30     0x20  xmbtowc.o [3]
    .text                 ro code  0x18065a50     0x16  strchr.o [5]
    .text                 ro code  0x18065a68     0x36  strlen.o [5]
    .text                 ro code  0x18065aa0     0x58  memchr.o [5]
    .text                 ro code  0x18065af8      0xa  xmbcurmax.o [3]
    .text                 ro code  0x18065b04   0x1550  dlmalloc.o [3]
    .text                 ro code  0x18067054     0x1a  xwctomb.o [3]
    .text                 ro code  0x18067070     0xee  I64DivMod.o [5]
    .text                 ro code  0x1806715e     0x42  xdnorm.o [4]
    .text                 ro code  0x180671a0     0x2e  DblCmpLe.o [4]
    .text                 ro code  0x180671d0     0x2e  DblCmpGe.o [4]
    .text                 ro code  0x18067200    0x118  xdscale.o [4]
    .text                 ro code  0x18067318     0x58  DblToI32.o [4]
    .text                 ro code  0x18067370    0x256  DblDiv.o [4]
    .text                 ro code  0x180675c8     0x6c  localeconv.o [3]
    .text                 ro code  0x18067634      0xe  div.o [3]
    .text                 ro code  0x18067642     0x14  isxxx.o [3]
    .text                 ro code  0x18067656     0x88  xstol.o [3]
    .text                 ro code  0x180676e0    0x198  xstoul.o [3]
    .text                 ro code  0x18067878     0x54  setlocale.o [3]
    .text                 ro code  0x180678cc     0x60  xencoding_sb.o [3]
    .text                 ro code  0x1806792c      0x6  abort.o [3]
    .text                 ro code  0x18067934     0x2c  xgetmemchunk.o [3]
    .text                 ro code  0x18067960      0x6  ABImemclr.o [5]
    .text                 ro code  0x18067968      0x2  I64DivZer.o [5]
    .text                 ro code  0x1806796a      0x2  xtls.o [3]
    .text                 ro code  0x1806796c     0x14  xlocale_c.o [3]
    .text                 ro code  0x18067980      0xc  errno.o [3]
    .text                 ro code  0x1806798c     0x14  tolower.o [3]
    .text                 ro code  0x180679a0     0x14  exit.o [8]
    .text                 ro code  0x180679b4      0xc  xlocale_c.o [3]
    .text                 ro code  0x180679c0    0x19e  aes.o [1]
    .text                 ro code  0x18067b60    0xc7c  mbedtls_crypto.o [6]
    .text                 ro code  0x180687dc    0x474  des.o [1]
    .text                 ro code  0x18068c50    0x588  api_lib.o [1]
    .text                 ro code  0x180691d8    0xe04  api_msg.o [1]
    .text                 ro code  0x18069fdc    0x274  tcpip.o [1]
    .text                 ro code  0x1806a250    0x248  sys_arch.o [1]
    .text                 ro code  0x1806a498     0xd8  memp.o [1]
    .text                 ro code  0x1806a570    0x70e  pbuf.o [1]
    .text                 ro code  0x1806ac7e     0x26  netbuf.o [1]
    .text                 ro code  0x1806aca4   0x10d4  tcp.o [1]
    .text                 ro code  0x1806bd78    0x1e8  raw.o [1]
    .text                 ro code  0x1806bf60    0x5f8  udp.o [1]
    .text                 ro code  0x1806c558    0xe18  tcp_out.o [1]
    .text                 ro code  0x1806d370     0x42  strcmp_unaligned.o [5]
    .text                 ro code  0x1806d3b4    0xaf0  dns.o [1]
    .text                 ro code  0x1806dea4    0x320  lwip_timers.o [1]
    .text                 ro code  0x1806e1c4    0xb54  etharp.o [1]
    .text                 ro code  0x1806ed18    0x504  ip.o [1]
    .text                 ro code  0x1806f21c     0x2c  init.o [1]
    .text                 ro code  0x1806f248    0x3c0  mem.o [1]
    .text                 ro code  0x1806f608    0x318  ip_addr.o [1]
    .text                 ro code  0x1806f920     0x3e  def.o [1]
    .text                 ro code  0x1806f95e    0x1ac  inet_chksum.o [1]
    .text                 ro code  0x1806fb0c    0x234  icmp.o [1]
    .text                 ro code  0x1806fd40    0x710  ip_frag.o [1]
    .text                 ro code  0x18070450   0x12d2  dhcp.o [1]
    .text                 ro code  0x18071724    0x3be  autoip.o [1]
    .text                 ro code  0x18071ae4    0x594  igmp.o [1]
    .text                 ro code  0x18072078   0x18ac  tcp_in.o [1]
    .text                 ro code  0x18073924    0x256  netif.o [1]
    .text                 ro code  0x18073b7c   0x1158  sockets.o [1]
    .text                 ro code  0x18074cd4    0x474  asn1parse.o [1]
    .text                 ro code  0x18075148   0x2708  bignum.o [1]
    .text                 ro code  0x18077850    0x1e2  asn1write.o [1]
    .text                 ro code  0x18077a34    0x8e8  at_cmd.o [1]
    .text                 ro code  0x1807831c     0x2c  s907x_cortex.o [1]
    .text                 ro code  0x18078348    0x3dc  at_test.o [1]
    .text                 ro code  0x18078724    0x258  wlan_uart_utils.o [6]
    .text                 ro code  0x1807897c     0x10  hal_loguart.o [7]
    .text                 ro code  0x1807898c    0x2cc  utils.o [1]
    .text                 ro code  0x18078c58      0x6  ABImemclr4.o [5]
    .text                 ro code  0x18078c5e      0x8  atoi.o [3]
    .text                 ro code  0x18078c68    0x808  gpio_test.o [1]
    .text                 ro code  0x18079470   0x1f9c  i2c_test.o [1]
    .text                 ro code  0x1807b40c   0x1580  uart_test.o [1]
    .text                 ro code  0x1807c98c   0x2448  spi_test.o [1]
    .text                 ro code  0x1807edd4    0x364  i2s_test.o [1]
    .text                 ro code  0x1807f138   0x1084  timer_test.o [1]
    .text                 ro code  0x180801bc    0x45c  rtc_test.o [1]
    .text                 ro code  0x18080618    0x158  wdg_test.o [1]
    .text                 ro code  0x18080770      0x4  strtoul.o [3]
    .text                 ro code  0x18080774    0x214  flash_test.o [1]
    .text                 ro code  0x18080988     0xe8  ping_test.o [1]
    .text                 ro code  0x18080a70    0x220  iperf_test.o [1]
    .text                 ro code  0x18080c90    0x580  mqtt_test.o [1]
    .text                 ro code  0x18081210   0x2068  wlan_test.o [1]
    .text                 ro code  0x18083278    0x4a4  rf_test.o [1]
    .text                 ro code  0x1808371c    0xa80  ota_test.o [1]
    .text                 ro code  0x1808419c     0x26  at_net_utils.o [6]
    .text                 ro code  0x180841c4     0x1a  hal_flash.o [7]
    .text                 ro code  0x180841de     0x10  x509_crt.o [1]
    .text                 ro code  0x180841f0     0x32  ABImemset48.o [5]
    .text                 ro code  0x18084224     0xd6  hal_gpio.o [7]
    .text                 ro code  0x180842fc     0x40  hal_pinmux.o [7]
    .text                 ro code  0x1808433c    0xaec  hal_i2c.o [7]
    .text                 ro code  0x18084e28     0x62  memcmp_unaligned.o [5]
    .text                 ro code  0x18084e8c    0x470  hal_timer.o [7]
    .text                 ro code  0x180852fc    0x4c8  hal_uart.o [7]
    .text                 ro code  0x180857c4    0x68c  hal_spi.o [7]
    .text                 ro code  0x18085e50    0x138  hal_i2s.o [7]
    .text                 ro code  0x18085f88    0x2cc  hal_rtc.o [7]
    .text                 ro code  0x18086254     0x6c  sntp_api.o [1]
    .text                 ro code  0x180862c0     0x80  hal_wdg.o [7]
    .text                 ro code  0x18086340    0x524  ping.o [1]
    .text                 ro code  0x18086864    0x858  sci_lwiperf.o [1]
    .text                 ro code  0x180870bc    0x41c  ipref_sockets.o [1]
    .text                 ro code  0x180874d8    0x122  transport.o [1]
    .text                 ro code  0x180875fc    0x306  MQTTConnectClient.o [1]
    .text                 ro code  0x18087904    0x18c  MQTTSubscribeClient.o [1]
    .text                 ro code  0x18087a90     0xbc  MQTTDeserializePublish.o [1]
    .text                 ro code  0x18087b4c     0x84  MQTTSerializePublish.o [1]
    .text                 ro code  0x18087bd0    0x290  MQTTPacket.o [1]
    .text                 ro code  0x18087e60     0x2a  strncmp.o [3]
    .text                 ro code  0x18087e8c     0x44  strcpy_unaligned.o [5]
    .text                 ro code  0x18087ed0    0x366  lwip_conf.o [6]
    .text                 ro code  0x18088238    0x1c6  dhcpc.o [1]
    .text                 ro code  0x18088400    0xaa4  dhcps.o [1]
    .text                 ro code  0x18088ea4    0xf1c  httpc_core.o [1]
    .text                 ro code  0x18089dc0    0x296  httpc_api.o [1]
    .text                 ro code  0x1808a058     0x44  snprintf.o [3]
    .text                 ro code  0x1808a09c    0x51c  ota_hash.o [1]
    .text                 ro code  0x1808a5b8     0x1e  U64Shr.o [5]
    .text                 ro code  0x1808a5d6     0x2c  strstr.o [3]
    .text                 ro code  0x1808a602      0xa  gmtime.o [3]
    .text                 ro code  0x1808a60c     0xd0  mktime.o [3]
    .text                 ro code  0x1808a6dc     0x86  sntp_time.o [1]
    .text                 ro code  0x1808a764    0x308  sntp.o [1]
    .text                 ro code  0x1808aa6c    0x194  netdb.o [1]
    .text                 ro code  0x1808ac00   0x78e4  ssl_tls.o [1]
    .text                 ro code  0x180924e4     0x78  ABImemmove_unaligned.o [5]
    .text                 ro code  0x1809255c     0x4e  strncasecmp.o [3]
    .text                 ro code  0x180925ac     0x18  platform.o [1]
    .text                 ro code  0x180925c4    0x71c  debug.o [1]
    .text                 ro code  0x18092ce0    0x1e4  net_sockets.o [1]
    .text                 ro code  0x18092ec4   0x2088  x509_crt.o [1]
    .text                 ro code  0x18094f4c    0x3fa  pk.o [1]
    .text                 ro code  0x18095348   0x1104  pkparse.o [1]
    .text                 ro code  0x1809644c   0x11bc  sha256.o [1]
    .text                 ro code  0x18097608    0xb10  md5.o [1]
    .text                 ro code  0x18098118    0x188  xttotm.o [3]
    .text                 ro code  0x180982a0     0x9c  localtim.o [3]
    .text                 ro code  0x1809833c   0x188c  sha1.o [1]
    .text                 ro code  0x18099bc8    0x3e8  md.o [1]
    .text                 ro code  0x18099fb0    0xab8  cipher.o [1]
    .text                 ro code  0x1809aa68     0xb4  ssl_ciphersuites.o [1]
    .text                 ro code  0x1809ab1c   0x1624  sha512.o [1]
    .text                 ro code  0x1809c140    0x6f0  dhm.o [1]
    .text                 ro code  0x1809c830    0x338  ecdh.o [1]
    .text                 ro code  0x1809cb68     0x22  I64Shl.o [5]
    .text                 ro code  0x1809cb8c   0x3a74  ssl_cli.o [1]
    .text                 ro code  0x180a0600   0x3f1c  ssl_srv.o [1]
    .text                 ro code  0x180a451c   0x2488  ecp.o [1]
    .text                 ro code  0x180a69a4     0x3c  vsnprint.o [3]
    .text                 ro code  0x180a69e0    0xc18  x509.o [1]
    .text                 ro code  0x180a75f8    0x44c  oid.o [1]
    .text                 ro code  0x180a7a44    0x6f0  pem.o [1]
    .text                 ro code  0x180a8134   0x1b3e  rsa.o [1]
    .text                 ro code  0x180a9c74   0x1aa4  ecp_curves.o [1]
    .text                 ro code  0x180ab718    0x55c  pkcs12.o [1]
    .text                 ro code  0x180abc74    0x3fc  pkcs5.o [1]
    .text                 ro code  0x180ac070    0x134  xisdst.o [3]
    .text                 ro code  0x180ac1a4      0xa  getzone.o [3]
    .text                 ro code  0x180ac1ae     0x42  xgettime.o [3]
    .text                 ro code  0x180ac1f0    0x97c  gcm.o [1]
    .text                 ro code  0x180acb6c    0x63c  ccm.o [1]
    .text                 ro code  0x180ad1a8    0x17c  base64.o [1]
    .text                 ro code  0x180ad324    0x6aa  rsa_internal.o [1]
    .text                 ro code  0x180ad9ce    0x108  arc4.o [1]
    .text                 ro code  0x180adad6    0x164  xgetdst.o [3]
    .text                 ro code  0x180adc3c    0x52a  blowfish.o [1]
    .text                 ro code  0x180ae168    0xd6a  camellia.o [1]
    .text                 ro code  0x180aeed4    0x5e4  cipher_wrap.o [1]
    .text                 ro code  0x180af4b8    0x65e  ecdsa.o [1]
    .text                 ro code  0x180afb16    0x2ae  hmac_drbg.o [1]
    .text                 ro code  0x180afdc4    0x264  event_groups.o [1]
    .text                 ro code  0x180b0028    0x300  md_wrap.o [1]
    .text                 ro code  0x180b0328   0x1a50  ripemd160.o [1]
    .text                 ro code  0x180b1d78    0x3e4  pk_wrap.o [1]
    .text                 ro code  0x180b215c    0x388  system_start.o [1]
    .text                 ro code  0x180b24e4      0xa  hal_sleep.o [7]
    .text                 ro code  0x180b24f0    0x158  ethernetif.o [6]
    .text                 ro code  0x180b2648     0x22  fpinit_M.o [4]
    .text                 ro code  0x180b266c     0x28  data_init.o [5]
    .text                 ro code  0x180b2694     0x40  zero_init3.o [5]
    .rodata               const    0x180b26d8     0x80  gcm.o [1]
    .rodata               const    0x180b2758    0x280  sha512.o [1]
    .rodata               const    0x180b29d8     0x10  adc_test.o [1]
    .rodata               const    0x180b29e8     0x18  adc_test.o [1]
    .rodata               const    0x180b2a00      0xc  adc_test.o [1]
    .rodata               const    0x180b2a0c     0x18  adc_test.o [1]
    .rodata               const    0x180b2a24     0x20  adc_test.o [1]
    .rodata               const    0x180b2a44     0x20  adc_test.o [1]
    .rodata               const    0x180b2a64     0x10  adc_test.o [1]
    .rodata               const    0x180b2a74     0x18  adc_test.o [1]
    .rodata               const    0x180b2a8c     0x14  adc_test.o [1]
    .rodata               const    0x180b2aa0     0x20  adc_test.o [1]
    .rodata               const    0x180b2ac0     0x18  adc_test.o [1]
    .rodata               const    0x180b2ad8      0xc  adc_test.o [1]
    .rodata               const    0x180b2ae4     0x14  adc_test.o [1]
    .rodata               const    0x180b2af8      0x8  at_cmd.o [1]
    .rodata               const    0x180b2b00      0x8  at_cmd.o [1]
    .rodata               const    0x180b2b08      0x8  at_cmd.o [1]
    .rodata               const    0x180b2b10      0x8  at_cmd.o [1]
    .rodata               const    0x180b2b18      0x8  at_cmd.o [1]
    .rodata               const    0x180b2b20      0x4  at_cmd.o [1]
    .rodata               const    0x180b2b24      0x8  at_cmd.o [1]
    .rodata               const    0x180b2b2c      0xc  at_cmd.o [1]
    .rodata               const    0x180b2b38      0xc  at_cmd.o [1]
    .rodata               const    0x180b2b44      0xc  at_cmd.o [1]
    .rodata               const    0x180b2b50      0x8  at_cmd.o [1]
    .rodata               const    0x180b2b58      0x8  at_cmd.o [1]
    .rodata               const    0x180b2b60      0x8  at_cmd.o [1]
    .rodata               const    0x180b2b68      0xc  at_cmd.o [1]
    .rodata               const    0x180b2b74      0xc  at_cmd.o [1]
    .rodata               const    0x180b2b80      0xc  at_cmd.o [1]
    .rodata               const    0x180b2b8c     0x10  at_cmd.o [1]
    .rodata               const    0x180b2b9c      0xc  at_cmd.o [1]
    .rodata               const    0x180b2ba8      0xc  at_cmd.o [1]
    .rodata               const    0x180b2bb4      0xc  at_cmd.o [1]
    .rodata               const    0x180b2bc0      0xc  at_cmd.o [1]
    .rodata               const    0x180b2bcc     0x14  at_cmd.o [1]
    .rodata               const    0x180b2be0      0x8  at_cmd.o [1]
    .rodata               const    0x180b2be8     0x10  at_cmd.o [1]
    .rodata               const    0x180b2bf8     0x10  at_cmd.o [1]
    .rodata               const    0x180b2c08     0x10  at_cmd.o [1]
    .rodata               const    0x180b2c18     0x10  at_cmd.o [1]
    .rodata               const    0x180b2c28     0x10  at_cmd.o [1]
    .rodata               const    0x180b2c38     0x10  at_cmd.o [1]
    .rodata               const    0x180b2c48     0x10  at_cmd.o [1]
    .rodata               const    0x180b2c58     0x10  at_cmd.o [1]
    .rodata               const    0x180b2c68     0x10  at_cmd.o [1]
    .rodata               const    0x180b2c78     0x10  at_cmd.o [1]
    .rodata               const    0x180b2c88      0xc  at_cmd.o [1]
    .rodata               const    0x180b2c94      0xc  at_cmd.o [1]
    .rodata               const    0x180b2ca0     0x10  at_cmd.o [1]
    .rodata               const    0x180b2cb0     0x10  at_cmd.o [1]
    .rodata               const    0x180b2cc0     0x10  at_cmd.o [1]
    .rodata               const    0x180b2cd0     0x14  at_cmd.o [1]
    .rodata               const    0x180b2ce4     0x10  at_cmd.o [1]
    .rodata               const    0x180b2cf4     0x10  at_cmd.o [1]
    .rodata               const    0x180b2d04     0x10  at_cmd.o [1]
    .rodata               const    0x180b2d14     0x14  at_cmd.o [1]
    .rodata               const    0x180b2d28     0x10  at_cmd.o [1]
    .rodata               const    0x180b2d38      0xc  at_cmd.o [1]
    .rodata               const    0x180b2d44      0xc  at_cmd.o [1]
    .rodata               const    0x180b2d50     0x10  at_cmd.o [1]
    .rodata               const    0x180b2d60      0xc  at_cmd.o [1]
    .rodata               const    0x180b2d6c      0xc  at_cmd.o [1]
    .rodata               const    0x180b2d78      0xc  at_cmd.o [1]
    .rodata               const    0x180b2d84      0x8  at_test.o [1]
    .rodata               const    0x180b2d8c      0x4  at_test.o [1]
    .rodata               const    0x180b2d90      0x8  at_test.o [1]
    .rodata               const    0x180b2d98      0x4  at_test.o [1]
    .rodata               const    0x180b2d9c      0x4  at_test.o [1]
    .rodata               const    0x180b2da0      0x4  at_test.o [1]
    .rodata               const    0x180b2da4      0x4  at_test.o [1]
    .rodata               const    0x180b2da8      0x8  at_test.o [1]
    .rodata               const    0x180b2db0      0x4  at_test.o [1]
    .rodata               const    0x180b2db4      0x8  at_test.o [1]
    .rodata               const    0x180b2dbc      0xc  at_test.o [1]
    .rodata               const    0x180b2dc8      0x8  at_test.o [1]
    .rodata               const    0x180b2dd0      0x4  at_test.o [1]
    .rodata               const    0x180b2dd4      0x8  at_test.o [1]
    .rodata               const    0x180b2ddc      0x4  at_test.o [1]
    .rodata               const    0x180b2de0      0x8  at_test.o [1]
    .rodata               const    0x180b2de8      0x4  at_test.o [1]
    .rodata               const    0x180b2dec      0xc  at_test.o [1]
    .rodata               const    0x180b2df8     0x14  at_test.o [1]
    .rodata               const    0x180b2e0c     0x10  at_test.o [1]
    .rodata               const    0x180b2e1c     0x18  at_test.o [1]
    .rodata               const    0x180b2e34      0xc  at_test.o [1]
    .rodata               const    0x180b2e40      0xc  at_test.o [1]
    .rodata               const    0x180b2e4c      0xc  at_test.o [1]
    .rodata               const    0x180b2e58     0x10  at_test.o [1]
    .rodata               const    0x180b2e68      0xc  at_test.o [1]
    .rodata               const    0x180b2e74      0xc  at_test.o [1]
    .rodata               const    0x180b2e80      0xc  at_test.o [1]
    .rodata               const    0x180b2e8c     0x10  at_test.o [1]
    .rodata               const    0x180b2e9c      0xc  at_test.o [1]
    .rodata               const    0x180b2ea8      0xc  at_test.o [1]
    .rodata               const    0x180b2eb4     0x10  at_test.o [1]
    .rodata               const    0x180b2ec4      0xc  at_test.o [1]
    .rodata               const    0x180b2ed0     0x10  at_test.o [1]
    .rodata               const    0x180b2ee0     0x80  base64.o [1]
    .rodata               const    0x180b2f60    0x2a0  bignum.o [1]
    .rodata               const    0x180b3200     0x48  blowfish.o [1]
    .rodata               const    0x180b3248   0x1000  blowfish.o [1]
    .rodata               const    0x180b4248     0x30  camellia.o [1]
    .rodata               const    0x180b4278    0x100  camellia.o [1]
    .rodata               const    0x180b4378    0x100  camellia.o [1]
    .rodata               const    0x180b4478    0x100  camellia.o [1]
    .rodata               const    0x180b4578    0x100  camellia.o [1]
    .rodata               const    0x180b4678     0x20  camellia.o [1]
    .rodata               const    0x180b4698     0xa0  camellia.o [1]
    .rodata               const    0x180b4738     0x28  camellia.o [1]
    .rodata               const    0x180b4760      0xc  cipher_wrap.o [1]
    .rodata               const    0x180b476c      0xc  cipher_wrap.o [1]
    .rodata               const    0x180b4778      0xc  cipher_wrap.o [1]
    .rodata               const    0x180b4784      0xc  cipher_wrap.o [1]
    .rodata               const    0x180b4790      0xc  cipher_wrap.o [1]
    .rodata               const    0x180b479c      0xc  cipher_wrap.o [1]
    .rodata               const    0x180b47a8     0x10  cipher_wrap.o [1]
    .rodata               const    0x180b47b8     0x10  cipher_wrap.o [1]
    .rodata               const    0x180b47c8     0x10  cipher_wrap.o [1]
    .rodata               const    0x180b47d8      0xc  cipher_wrap.o [1]
    .rodata               const    0x180b47e4      0xc  cipher_wrap.o [1]
    .rodata               const    0x180b47f0      0xc  cipher_wrap.o [1]
    .rodata               const    0x180b47fc      0xc  cipher_wrap.o [1]
    .rodata               const    0x180b4808      0xc  cipher_wrap.o [1]
    .rodata               const    0x180b4814      0xc  cipher_wrap.o [1]
    .rodata               const    0x180b4820      0xc  cipher_wrap.o [1]
    .rodata               const    0x180b482c      0xc  cipher_wrap.o [1]
    .rodata               const    0x180b4838      0xc  cipher_wrap.o [1]
    .rodata               const    0x180b4844     0x14  cipher_wrap.o [1]
    .rodata               const    0x180b4858     0x14  cipher_wrap.o [1]
    .rodata               const    0x180b486c     0x14  cipher_wrap.o [1]
    .rodata               const    0x180b4880     0x14  cipher_wrap.o [1]
    .rodata               const    0x180b4894     0x14  cipher_wrap.o [1]
    .rodata               const    0x180b48a8     0x14  cipher_wrap.o [1]
    .rodata               const    0x180b48bc     0x14  cipher_wrap.o [1]
    .rodata               const    0x180b48d0     0x14  cipher_wrap.o [1]
    .rodata               const    0x180b48e4     0x14  cipher_wrap.o [1]
    .rodata               const    0x180b48f8     0x14  cipher_wrap.o [1]
    .rodata               const    0x180b490c     0x14  cipher_wrap.o [1]
    .rodata               const    0x180b4920     0x14  cipher_wrap.o [1]
    .rodata               const    0x180b4934     0x14  cipher_wrap.o [1]
    .rodata               const    0x180b4948     0x14  cipher_wrap.o [1]
    .rodata               const    0x180b495c     0x14  cipher_wrap.o [1]
    .rodata               const    0x180b4970     0x14  cipher_wrap.o [1]
    .rodata               const    0x180b4984     0x14  cipher_wrap.o [1]
    .rodata               const    0x180b4998     0x14  cipher_wrap.o [1]
    .rodata               const    0x180b49ac      0x8  cipher_wrap.o [1]
    .rodata               const    0x180b49b4      0x8  cipher_wrap.o [1]
    .rodata               const    0x180b49bc      0xc  cipher_wrap.o [1]
    .rodata               const    0x180b49c8      0xc  cipher_wrap.o [1]
    .rodata               const    0x180b49d4     0x10  cipher_wrap.o [1]
    .rodata               const    0x180b49e4     0x10  cipher_wrap.o [1]
    .rodata               const    0x180b49f4     0x10  cipher_wrap.o [1]
    .rodata               const    0x180b4a04     0x10  cipher_wrap.o [1]
    .rodata               const    0x180b4a14     0x10  cipher_wrap.o [1]
    .rodata               const    0x180b4a24     0x10  cipher_wrap.o [1]
    .rodata               const    0x180b4a34      0xc  cipher_wrap.o [1]
    .rodata               const    0x180b4a40     0x28  cipher_wrap.o [1]
    .rodata               const    0x180b4a68     0x1c  cipher_wrap.o [1]
    .rodata               const    0x180b4a84     0x1c  cipher_wrap.o [1]
    .rodata               const    0x180b4aa0     0x1c  cipher_wrap.o [1]
    .rodata               const    0x180b4abc     0x1c  cipher_wrap.o [1]
    .rodata               const    0x180b4ad8     0x1c  cipher_wrap.o [1]
    .rodata               const    0x180b4af4     0x1c  cipher_wrap.o [1]
    .rodata               const    0x180b4b10     0x1c  cipher_wrap.o [1]
    .rodata               const    0x180b4b2c     0x1c  cipher_wrap.o [1]
    .rodata               const    0x180b4b48     0x1c  cipher_wrap.o [1]
    .rodata               const    0x180b4b64     0x1c  cipher_wrap.o [1]
    .rodata               const    0x180b4b80     0x1c  cipher_wrap.o [1]
    .rodata               const    0x180b4b9c     0x1c  cipher_wrap.o [1]
    .rodata               const    0x180b4bb8     0x28  cipher_wrap.o [1]
    .rodata               const    0x180b4be0     0x1c  cipher_wrap.o [1]
    .rodata               const    0x180b4bfc     0x1c  cipher_wrap.o [1]
    .rodata               const    0x180b4c18     0x1c  cipher_wrap.o [1]
    .rodata               const    0x180b4c34     0x28  cipher_wrap.o [1]
    .rodata               const    0x180b4c5c     0x1c  cipher_wrap.o [1]
    .rodata               const    0x180b4c78     0x1c  cipher_wrap.o [1]
    .rodata               const    0x180b4c94     0x1c  cipher_wrap.o [1]
    .rodata               const    0x180b4cb0     0x28  cipher_wrap.o [1]
    .rodata               const    0x180b4cd8     0x1c  cipher_wrap.o [1]
    .rodata               const    0x180b4cf4     0x1c  cipher_wrap.o [1]
    .rodata               const    0x180b4d10     0x1c  cipher_wrap.o [1]
    .rodata               const    0x180b4d2c     0x1c  cipher_wrap.o [1]
    .rodata               const    0x180b4d48     0x1c  cipher_wrap.o [1]
    .rodata               const    0x180b4d64     0x1c  cipher_wrap.o [1]
    .rodata               const    0x180b4d80     0x1c  cipher_wrap.o [1]
    .rodata               const    0x180b4d9c     0x1c  cipher_wrap.o [1]
    .rodata               const    0x180b4db8     0x1c  cipher_wrap.o [1]
    .rodata               const    0x180b4dd4     0x1c  cipher_wrap.o [1]
    .rodata               const    0x180b4df0     0x1c  cipher_wrap.o [1]
    .rodata               const    0x180b4e0c     0x1c  cipher_wrap.o [1]
    .rodata               const    0x180b4e28     0x28  cipher_wrap.o [1]
    .rodata               const    0x180b4e50     0x1c  cipher_wrap.o [1]
    .rodata               const    0x180b4e6c     0x1c  cipher_wrap.o [1]
    .rodata               const    0x180b4e88     0x1c  cipher_wrap.o [1]
    .rodata               const    0x180b4ea4     0x28  cipher_wrap.o [1]
    .rodata               const    0x180b4ecc     0x1c  cipher_wrap.o [1]
    .rodata               const    0x180b4ee8     0x1c  cipher_wrap.o [1]
    .rodata               const    0x180b4f04     0x1c  cipher_wrap.o [1]
    .rodata               const    0x180b4f20     0x28  cipher_wrap.o [1]
    .rodata               const    0x180b4f48     0x1c  cipher_wrap.o [1]
    .rodata               const    0x180b4f64     0x1c  cipher_wrap.o [1]
    .rodata               const    0x180b4f80     0x28  cipher_wrap.o [1]
    .rodata               const    0x180b4fa8     0x1c  cipher_wrap.o [1]
    .rodata               const    0x180b4fc4     0x1c  cipher_wrap.o [1]
    .rodata               const    0x180b4fe0     0x28  cipher_wrap.o [1]
    .rodata               const    0x180b5008     0x1c  cipher_wrap.o [1]
    .rodata               const    0x180b5024     0x1c  cipher_wrap.o [1]
    .rodata               const    0x180b5040     0x28  cipher_wrap.o [1]
    .rodata               const    0x180b5068     0x1c  cipher_wrap.o [1]
    .rodata               const    0x180b5084     0x1c  cipher_wrap.o [1]
    .rodata               const    0x180b50a0     0x1c  cipher_wrap.o [1]
    .rodata               const    0x180b50bc     0x1c  cipher_wrap.o [1]
    .rodata               const    0x180b50d8     0x28  cipher_wrap.o [1]
    .rodata               const    0x180b5100     0x1c  cipher_wrap.o [1]
    .rodata               const    0x180b511c    0x180  cipher_wrap.o [1]
    .rodata               const    0x180b529c     0x1c  debug.o [1]
    .rodata               const    0x180b52b8     0x1c  debug.o [1]
    .rodata               const    0x180b52d4      0x8  debug.o [1]
    .rodata               const    0x180b52dc      0x8  debug.o [1]
    .rodata               const    0x180b52e4      0x8  debug.o [1]
    .rodata               const    0x180b52ec      0x8  debug.o [1]
    .rodata               const    0x180b52f4      0x8  debug.o [1]
    .rodata               const    0x180b52fc     0x20  debug.o [1]
    .rodata               const    0x180b531c     0x14  debug.o [1]
    .rodata               const    0x180b5330      0x8  debug.o [1]
    .rodata               const    0x180b5338     0x14  debug.o [1]
    .rodata               const    0x180b534c      0x8  debug.o [1]
    .rodata               const    0x180b5354      0x8  debug.o [1]
    .rodata               const    0x180b535c    0x100  des.o [1]
    .rodata               const    0x180b545c    0x100  des.o [1]
    .rodata               const    0x180b555c    0x100  des.o [1]
    .rodata               const    0x180b565c    0x100  des.o [1]
    .rodata               const    0x180b575c    0x100  des.o [1]
    .rodata               const    0x180b585c    0x100  des.o [1]
    .rodata               const    0x180b595c    0x100  des.o [1]
    .rodata               const    0x180b5a5c    0x100  des.o [1]
    .rodata               const    0x180b5b5c     0x40  des.o [1]
    .rodata               const    0x180b5b9c     0x40  des.o [1]
    .rodata               const    0x180b5bdc      0xc  dhcpc.o [1]
    .rodata               const    0x180b5be8     0x20  dhcpc.o [1]
    .rodata               const    0x180b5c08     0x14  dhcpc.o [1]
    .rodata               const    0x180b5c1c     0x24  dhcpc.o [1]
    .rodata               const    0x180b5c40     0x28  dhcps.o [1]
    .rodata               const    0x180b5c68     0x18  dhcps.o [1]
    .rodata               const    0x180b5c80     0x24  dhcps.o [1]
    .rodata               const    0x180b5ca4     0x28  dhcps.o [1]
    .rodata               const    0x180b5ccc     0x34  dhcps.o [1]
    .rodata               const    0x180b5d00     0x1c  dhcps.o [1]
    .rodata               const    0x180b5d1c      0x4  dhcps.o [1]
    .rodata               const    0x180b5d20     0x10  dns.o [1]
    .rodata               const    0x180b5d30      0xc  ecp.o [1]
    .rodata               const    0x180b5d3c     0x10  ecp.o [1]
    .rodata               const    0x180b5d4c      0xc  ecp.o [1]
    .rodata               const    0x180b5d58     0x10  ecp.o [1]
    .rodata               const    0x180b5d68      0xc  ecp.o [1]
    .rodata               const    0x180b5d74      0xc  ecp.o [1]
    .rodata               const    0x180b5d80     0x10  ecp.o [1]
    .rodata               const    0x180b5d90      0xc  ecp.o [1]
    .rodata               const    0x180b5d9c      0xc  ecp.o [1]
    .rodata               const    0x180b5da8      0xc  ecp.o [1]
    .rodata               const    0x180b5db4      0xc  ecp.o [1]
    .rodata               const    0x180b5dc0     0x90  ecp.o [1]
    .rodata               const    0x180b5e50      0x8  ecp_curves.o [1]
    .rodata               const    0x180b5e58     0x24  ecp_curves.o [1]
    .rodata               const    0x180b5e7c      0x8  ecp_curves.o [1]
    .rodata               const    0x180b5e84     0x3c  ecp_curves.o [1]
    .rodata               const    0x180b5ec0     0x18  ecp_curves.o [1]
    .rodata               const    0x180b5ed8     0x18  ecp_curves.o [1]
    .rodata               const    0x180b5ef0     0x18  ecp_curves.o [1]
    .rodata               const    0x180b5f08     0x18  ecp_curves.o [1]
    .rodata               const    0x180b5f20     0x18  ecp_curves.o [1]
    .rodata               const    0x180b5f38     0x20  ecp_curves.o [1]
    .rodata               const    0x180b5f58     0x1c  ecp_curves.o [1]
    .rodata               const    0x180b5f74     0x1c  ecp_curves.o [1]
    .rodata               const    0x180b5f90     0x1c  ecp_curves.o [1]
    .rodata               const    0x180b5fac     0x1c  ecp_curves.o [1]
    .rodata               const    0x180b5fc8     0x20  ecp_curves.o [1]
    .rodata               const    0x180b5fe8     0x20  ecp_curves.o [1]
    .rodata               const    0x180b6008     0x20  ecp_curves.o [1]
    .rodata               const    0x180b6028     0x20  ecp_curves.o [1]
    .rodata               const    0x180b6048     0x20  ecp_curves.o [1]
    .rodata               const    0x180b6068     0x30  ecp_curves.o [1]
    .rodata               const    0x180b6098     0x30  ecp_curves.o [1]
    .rodata               const    0x180b60c8     0x30  ecp_curves.o [1]
    .rodata               const    0x180b60f8     0x30  ecp_curves.o [1]
    .rodata               const    0x180b6128     0x30  ecp_curves.o [1]
    .rodata               const    0x180b6158     0x44  ecp_curves.o [1]
    .rodata               const    0x180b619c     0x44  ecp_curves.o [1]
    .rodata               const    0x180b61e0     0x44  ecp_curves.o [1]
    .rodata               const    0x180b6224     0x44  ecp_curves.o [1]
    .rodata               const    0x180b6268     0x44  ecp_curves.o [1]
    .rodata               const    0x180b62ac     0x18  ecp_curves.o [1]
    .rodata               const    0x180b62c4      0x4  ecp_curves.o [1]
    .rodata               const    0x180b62c8      0x4  ecp_curves.o [1]
    .rodata               const    0x180b62cc     0x18  ecp_curves.o [1]
    .rodata               const    0x180b62e4     0x18  ecp_curves.o [1]
    .rodata               const    0x180b62fc     0x18  ecp_curves.o [1]
    .rodata               const    0x180b6314     0x1c  ecp_curves.o [1]
    .rodata               const    0x180b6330      0x4  ecp_curves.o [1]
    .rodata               const    0x180b6334      0x4  ecp_curves.o [1]
    .rodata               const    0x180b6338     0x1c  ecp_curves.o [1]
    .rodata               const    0x180b6354     0x1c  ecp_curves.o [1]
    .rodata               const    0x180b6370     0x20  ecp_curves.o [1]
    .rodata               const    0x180b6390     0x20  ecp_curves.o [1]
    .rodata               const    0x180b63b0      0x4  ecp_curves.o [1]
    .rodata               const    0x180b63b4      0x4  ecp_curves.o [1]
    .rodata               const    0x180b63b8     0x20  ecp_curves.o [1]
    .rodata               const    0x180b63d8     0x20  ecp_curves.o [1]
    .rodata               const    0x180b63f8     0x20  ecp_curves.o [1]
    .rodata               const    0x180b6418     0x20  ecp_curves.o [1]
    .rodata               const    0x180b6438     0x20  ecp_curves.o [1]
    .rodata               const    0x180b6458     0x20  ecp_curves.o [1]
    .rodata               const    0x180b6478     0x20  ecp_curves.o [1]
    .rodata               const    0x180b6498     0x20  ecp_curves.o [1]
    .rodata               const    0x180b64b8     0x20  ecp_curves.o [1]
    .rodata               const    0x180b64d8     0x30  ecp_curves.o [1]
    .rodata               const    0x180b6508     0x30  ecp_curves.o [1]
    .rodata               const    0x180b6538     0x30  ecp_curves.o [1]
    .rodata               const    0x180b6568     0x30  ecp_curves.o [1]
    .rodata               const    0x180b6598     0x30  ecp_curves.o [1]
    .rodata               const    0x180b65c8     0x30  ecp_curves.o [1]
    .rodata               const    0x180b65f8     0x40  ecp_curves.o [1]
    .rodata               const    0x180b6638     0x40  ecp_curves.o [1]
    .rodata               const    0x180b6678     0x40  ecp_curves.o [1]
    .rodata               const    0x180b66b8     0x40  ecp_curves.o [1]
    .rodata               const    0x180b66f8     0x40  ecp_curves.o [1]
    .rodata               const    0x180b6738     0x40  ecp_curves.o [1]
    .rodata               const    0x180b6778      0x8  etharp.o [1]
    .rodata               const    0x180b6780      0x8  etharp.o [1]
    .rodata               const    0x180b6788      0x8  flash_test.o [1]
    .rodata               const    0x180b6790      0x8  flash_test.o [1]
    .rodata               const    0x180b6798      0x8  flash_test.o [1]
    .rodata               const    0x180b67a0     0x10  flash_test.o [1]
    .rodata               const    0x180b67b0     0x18  flash_test.o [1]
    .rodata               const    0x180b67c8      0xc  flash_test.o [1]
    .rodata               const    0x180b67d4     0x18  flash_test.o [1]
    .rodata               const    0x180b67ec     0x14  flash_test.o [1]
    .rodata               const    0x180b6800     0x18  flash_test.o [1]
    .rodata               const    0x180b6818      0xc  flash_test.o [1]
[...]
udp_sendto              0x1806c249    0x48  Code  Gb  udp.o [1]
udp_sendto_if           0x1806c291   0x148  Code  Gb  udp.o [1]
udp_tx_test             0x18087247   0x18a  Code  Lc  ipref_sockets.o [1]
udp_tx_thread_start     0x1001bce0     0x4  Data  Lc  ipref_sockets.o [1]
ulStoppedTimerCompensation
                        0x1002649c     0x4  Data  Lc  port.o [1]
ulTimerCountsForOneTick
                        0x10026494     0x4  Data  Lc  port.o [1]
user_ll_get_flash_para {Abs}
                        0x1801ec81           --   Gb  command line/config [2]
uxCriticalNesting       0x10016210     0x4  Data  Lc  port.o [1]
uxCurrentNumberOfTasks  0x10026eb8     0x4  Data  Lc  tasks.o [1]
uxDeletedTasksWaitingCleanUp
                        0x10026ea0     0x4  Data  Lc  tasks.o [1]
uxListRemove            0x18063d4b    0x28  Code  Gb  list.o [1]
uxPendedTicks           0x10026ec8     0x4  Data  Lc  tasks.o [1]
uxQueueMessagesWaiting  0x1806242f    0x14  Code  Gb  queue.o [1]
uxSchedulerSuspended    0x10026ee0     0x4  Data  Lc  tasks.o [1]
uxTaskNumber            0x10026ed4     0x4  Data  Lc  tasks.o [1]
uxTaskPriorityGet       0x180629b7    0x22  Code  Gb  tasks.o [1]
uxTaskResetEventItemValue
                        0x180635b3    0x20  Code  Gb  tasks.o [1]
uxTopReadyPriority      0x10026ec0     0x4  Data  Lc  tasks.o [1]
vApplicationGetIdleTaskMemory
                        0x18063d75    0x10  Code  Gb  freertos_callback.o [1]
vApplicationGetTimerTaskMemory
                        0x18063d85    0x10  Code  Gb  freertos_callback.o [1]
vApplicationIdleHook    0x1806380d     0x2  Code  Gb  port.o [1]
vApplicationStackOverflowHook
                        0x18063d95    0x18  Code  Gb  freertos_callback.o [1]
vEventGroupClearBitsCallback
                        0x180afff5    0x10  Code  Gb  event_groups.o [1]
vEventGroupDelete       0x180affb5    0x30  Code  Gb  event_groups.o [1]
vEventGroupSetBitsCallback
                        0x180affe5    0x10  Code  Gb  event_groups.o [1]
vListInitialise         0x18063cd5    0x1e  Code  Gb  list.o [1]
vListInitialiseItem     0x18063cf3     0x6  Code  Gb  list.o [1]
vListInsert             0x18063d11    0x3a  Code  Gb  list.o [1]
vListInsertEnd          0x18063cf9    0x18  Code  Gb  list.o [1]
vPortClrInterruptMaskFromISR
                        0x1806168b     0x6  Code  Gb  wlan_api.o [7]
vPortDisInterrupts      0x18061675    0x10  Code  Gb  wlan_api.o [7]
vPortEnableVFP          0x180c459d          Code  Gb  portasm.o [1]
vPortEnterCritical      0x18063751    0x1a  Code  Gb  port.o [1]
vPortExitCritical       0x1806376b    0x1a  Code  Gb  port.o [1]
vPortFree               0x1806392b    0x2e  Code  Gb  heap_4.o [1]
vPortSVCHandler         0x180c4561          Code  Gb  portasm.o [1]
vPortSetInterruptsMaskFromISR
                        0x18061685     0x6  Code  Gb  wlan_api.o [7]
vPortSetupTimerInterrupt
                        0x180637ad    0x36  Code  Wk  port.o [1]
vPortStartFirstTask     0x180c457d          Code  Gb  portasm.o [1]
vPortSuppressTicksAndSleep
                        0x18063dc9     0x2  Code  Gb  freertos_callback.o [1]
vPortYield              0x18061691    0x14  Code  Gb  wlan_api.o [7]
vPort_ll_SuppressTicksAndSleep {Abs}
                        0x18045a25           --   Gb  command line/config [2]
vQueueDelete            0x18062443    0x16  Code  Gb  queue.o [1]
vQueueWaitForMessageRestricted
                        0x180625ed    0x4c  Code  Gb  queue.o [1]
vTaskDelay              0x18062983    0x34  Code  Gb  tasks.o [1]
vTaskDelete             0x180628b9    0xca  Code  Gb  tasks.o [1]
vTaskInternalSetTimeOutState
                        0x1806315f    0x12  Code  Gb  tasks.o [1]
vTaskMissedYield        0x180631d9     0xa  Code  Gb  tasks.o [1]
vTaskPlaceOnEventList   0x1806301d    0x20  Code  Gb  tasks.o [1]
vTaskPlaceOnEventListRestricted
                        0x1806306b    0x2c  Code  Gb  tasks.o [1]
vTaskPlaceOnUnorderedEventList
                        0x1806303d    0x2e  Code  Gb  tasks.o [1]
vTaskPriorityDisinheritAfterTimeout
                        0x18063509    0xaa  Code  Gb  tasks.o [1]
vTaskPrioritySet        0x180629d9   0x106  Code  Gb  tasks.o [1]
vTaskRemoveFromUnorderedEventList
                        0x1806310d    0x52  Code  Gb  tasks.o [1]
vTaskResume             0x18062bd7    0x74  Code  Gb  tasks.o [1]
vTaskStartScheduler     0x18062c4b    0x8a  Code  Gb  tasks.o [1]
vTaskStepTick           0x18062e71    0x10  Code  Gb  tasks.o [1]
vTaskSuspend            0x18062adf    0xce  Code  Gb  tasks.o [1]
vTaskSuspendAll         0x18062cd5    0x10  Code  Gb  tasks.o [1]
vTaskSwitchContext      0x18062f91    0x8c  Code  Gb  tasks.o [1]
version_s907x           0x10026d3c    0x28  Data  Lc  system_start.o [1]
voltage_print           0x18060085   0x162  Code  Gb  adc_test.o [1]
vs_ll_printf {Abs}      0x1801f299           --   Gb  command line/config [2]
vsnprintf               0x180a69a5    0x3c  Code  Gb  vsnprint.o [3]
wdg_hdl                 0x100278c8     0xc  Data  Gb  wdg_test.o [1]
wdg_isr_cb              0x1808066b    0x24  Code  Lc  wdg_test.o [1]
wdg_ll_deinit {Abs}     0x1801eced           --   Gb  command line/config [2]
wdg_ll_init {Abs}       0x1801ecc1           --   Gb  command line/config [2]
wdg_ll_it_mask {Abs}    0x1801ed19           --   Gb  command line/config [2]
wdg_ll_refresh {Abs}    0x1801ed05           --   Gb  command line/config [2]
wdg_ll_start {Abs}      0x1801ecf9           --   Gb  command line/config [2]
wdg_ll_stop {Abs}       0x1801ed0d           --   Gb  command line/config [2]
wdg_test                0x180806c9    0x6a  Code  Gb  wdg_test.o [1]
wdg_test_basic          0x18080635    0x36  Code  Gb  wdg_test.o [1]
wdg_test_int            0x1808068f    0x3a  Code  Gb  wdg_test.o [1]
wdg_test_map            0x10016694    0x68  Data  Gb  wdg_test.o [1]
week                    0x1001627c    0x1c  Data  Lc  rtc_test.o [1]
wifi_reg_event_handler {Abs}
                        0x18039b2d           --   Gb  command line/config [2]
wifi_rx_beacon_hdl {Abs}
                        0x18038171           --   Gb  command line/config [2]
wifi_unreg_event_handler {Abs}
                        0x18039b81           --   Gb  command line/config [2]
wl_create_thread        0x18060c63    0x3a  Code  Gb  os_api.o [7]
wl_destory_thread       0x18060c9d     0x8  Code  Gb  os_api.o [7]
wl_destory_threadself   0x18060ca5     0xa  Code  Gb  os_api.o [7]
wl_enter_critical       0x18060b93     0x8  Code  Gb  os_api.o [7]
wl_exit_critical        0x18060b9b     0x8  Code  Gb  os_api.o [7]
wl_free                 0x18060cdd     0x8  Code  Gb  os_api.o [7]
wl_free_mutex           0x18060b45    0x16  Code  Gb  os_api.o [7]
wl_free_queue           0x18060c1d    0x1e  Code  Gb  os_api.o [7]
wl_free_sema            0x18060abf    0x16  Code  Gb  os_api.o [7]
wl_get_freeheapsize     0x18060caf     0x8  Code  Gb  os_api.o [7]
wl_get_random32         0x18060ce5    0x40  Code  Gb  os_api.o [7]
wl_get_random_bytes     0x18088ea5    0x16  Code  Gb  httpc_core.o [1]
wl_get_systemtick       0x18060c3b     0x8  Code  Gb  os_api.o [7]
wl_hal_udelay           0x18060c5b     0x8  Code  Gb  os_api.o [7]
wl_init_mutex           0x18060b37     0xe  Code  Gb  os_api.o [7]
wl_init_queue           0x18060ba3    0x1c  Code  Gb  os_api.o [7]
wl_init_sema            0x18060a79    0x46  Code  Gb  os_api.o [7]
wl_ll_ps_enable {Abs}   0x1801f191           --   Gb  command line/config [2]
wl_lock_mutex           0x18060b5b    0x28  Code  Gb  os_api.o [7]
wl_malloc               0x18060cb7     0x8  Code  Gb  os_api.o [7]
wl_memcmp               0x18060d6d     0x8  Code  Gb  os_api.o [7]
wl_memcpy               0x18060d65     0x8  Code  Gb  os_api.o [7]
wl_memset               0x18060d5d     0x8  Code  Gb  os_api.o [7]
wl_ms_to_systemtick     0x18060c45     0x8  Code  Gb  os_api.o [7]
wl_os_init              0x18060d25     0xe  Code  Gb  os_api.o [7]
wl_os_mdelay            0x18060c4d     0xe  Code  Gb  os_api.o [7]
wl_os_start             0x18060d55     0x8  Code  Gb  os_api.o [7]
wl_send_queue           0x18060bbf    0x30  Code  Gb  os_api.o [7]
wl_send_sema            0x18060ad5    0x10  Code  Gb  os_api.o [7]
wl_send_sema_fromisr    0x18060ae5    0x28  Code  Gb  os_api.o [7]
wl_systemtick_to_ms     0x18060c43     0x2  Code  Gb  os_api.o [7]
wl_unlock_mutex         0x18060b83    0x10  Code  Gb  os_api.o [7]
wl_wait_queue           0x18060bef    0x2e  Code  Gb  os_api.o [7]
wl_wait_sema            0x18060b0d    0x2a  Code  Gb  os_api.o [7]
wl_zmalloc              0x18060cbf    0x1e  Code  Gb  os_api.o [7]
wlan_ap_dhcps_iprange   0x1808227d    0x7c  Code  Lc  wlan_test.o [1]
wlan_ap_get_info        0x1808205f    0xe8  Code  Lc  wlan_test.o [1]
wlan_ap_get_ipinfo      0x18082171   0x108  Code  Lc  wlan_test.o [1]
wlan_ap_hdl             0x18082309    0xc6  Code  Lc  wlan_test.o [1]
wlan_ap_modify_ssid     0x18082059     0x6  Code  Lc  wlan_test.o [1]
wlan_ap_start           0x18081e15   0x208  Code  Lc  wlan_test.o [1]
wlan_ap_stop            0x18082041    0x18  Code  Lc  wlan_test.o [1]
wlan_checkip_valid      0x18081db5    0x60  Code  Lc  wlan_test.o [1]
wlan_config_autoreconnect_staticip
                        0x18081865    0x2a  Code  Gb  wlan_test.o [1]
wlan_connect_with_scan  0x18081771    0xa2  Code  Lc  wlan_test.o [1]
wlan_connect_without_scan
                        0x18081813    0x34  Code  Lc  wlan_test.o [1]
wlan_connectap_hdl      0x18082e45     0x4  Code  Gb  wlan_test.o [1]
wlan_event_hdl          0x18082699   0x174  Code  Lc  wlan_test.o [1]
wlan_gcountry_hdl       0x180814dd    0x3c  Code  Lc  wlan_test.o [1]
wlan_get_heapsize       0x18082e0d    0x30  Code  Lc  wlan_test.o [1]
wlan_gmac_hdl           0x1808139d    0x6e  Code  Lc  wlan_test.o [1]
wlan_gmode_hdl          0x1808130b    0x3a  Code  Lc  wlan_test.o [1]
wlan_gphymode_hdl       0x18081459    0x3e  Code  Lc  wlan_test.o [1]
wlan_hostname_hdl       0x18082e49    0x6a  Code  Gb  wlan_test.o [1]
wlan_monitor_hdl        0x180829a5   0x11a  Code  Lc  wlan_test.o [1]
wlan_mp_hdl             0x18082ebd    0x5e  Code  Gb  wlan_test.o [1]
wlan_net_func           0x10027a78    0x44  Data  Gb  lwip_conf.o [6]
wlan_scan_hdl           0x1808165f   0x112  Code  Lc  wlan_test.o [1]
wlan_scountry_hdl       0x18081497    0x46  Code  Lc  wlan_test.o [1]
wlan_set_os_funcion     0x180616a5   0x216  Code  Gb  wlan_api.o [7]
wlan_smac_hdl           0x18081345    0x58  Code  Lc  wlan_test.o [1]
wlan_smode_hdl          0x180812a3    0x68  Code  Lc  wlan_test.o [1]
wlan_sphymode_hdl       0x1808140b    0x4e  Code  Lc  wlan_test.o [1]
wlan_sta_connect_with_bssid
                        0x18081af3     0x6  Code  Lc  wlan_test.o [1]
wlan_sta_connect_with_ssid
                        0x1808188f   0x264  Code  Lc  wlan_test.o [1]
wlan_sta_disconnect     0x18081af9    0x10  Code  Lc  wlan_test.o [1]
wlan_sta_get_ip         0x18081bbb   0x11e  Code  Lc  wlan_test.o [1]
wlan_sta_get_linkinfo   0x18081b09    0xb2  Code  Lc  wlan_test.o [1]
wlan_sta_hdl            0x18081cd9    0xb4  Code  Lc  wlan_test.o [1]
wlan_start              0x180b2365    0x1a  Code  Gb  system_start.o [1]
wlan_switch2ap          0x18082b55    0xb8  Code  Lc  wlan_test.o [1]
wlan_switch2monitor     0x18082cfd    0x18  Code  Lc  wlan_test.o [1]
wlan_switch2sta         0x18082ac9    0x7e  Code  Lc  wlan_test.o [1]
wlan_switch2staap       0x18082c15    0xda  Code  Lc  wlan_test.o [1]
wlan_switchmode_hdl     0x18082d15    0xf0  Code  Lc  wlan_test.o [1]
wlan_task               0x180b22a5    0xc0  Code  Lc  system_start.o [1]
wlan_task_hdl           0x10026d38     0x4  Data  Lc  system_start.o [1]
wlan_test               0x18082f65   0x210  Code  Gb  wlan_test.o [1]
wlan_test_monitor       0x18082953    0x48  Code  Gb  wlan_test.o [1]
wlan_uart_process_escape_char
                        0x180787ed    0x6e  Code  Lc  wlan_uart_utils.o [6]
wlan_uart_rx_ll_cb      0x1807885d   0x108  Code  Gb  wlan_uart_utils.o [6]
wlan_uart_rx_pop        0x18078725    0x64  Code  Gb  wlan_uart_utils.o [6]
wlan_uart_rx_transfer_buffer
                        0x18078789    0x64  Code  Gb  wlan_uart_utils.o [6]
writeCString            0x18087d11    0x2a  Code  Gb  MQTTPacket.o [1]
writeChar               0x18087cdb     0xc  Code  Gb  MQTTPacket.o [1]
writeInt                0x18087ce7    0x2a  Code  Gb  MQTTPacket.o [1]
writeMQTTString         0x18087d3b    0x46  Code  Gb  MQTTPacket.o [1]
x509_check_wildcard     0x18094765    0x78  Code  Lc  x509_crt.o [1]
x509_crt_check_cn       0x18094be5    0x36  Code  Lc  x509_crt.o [1]
x509_crt_check_ee_locally_trusted
                        0x18094a3f    0x48  Code  Lc  x509_crt.o [1]
x509_crt_check_parent   0x18094911    0x5c  Code  Lc  x509_crt.o [1]
x509_crt_check_signature
                        0x180948ab    0x66  Code  Lc  x509_crt.o [1]
x509_crt_find_parent    0x180949f5    0x4a  Code  Lc  x509_crt.o [1]
x509_crt_find_parent_in
                        0x1809496d    0x88  Code  Lc  x509_crt.o [1]
x509_crt_merge_flags_with_cb
                        0x18094cb9    0x5a  Code  Lc  x509_crt.o [1]
x509_crt_parse_der_core
                        0x180934ed   0x39a  Code  Lc  x509_crt.o [1]
x509_crt_verify_chain   0x18094a87   0x150  Code  Lc  x509_crt.o [1]
x509_crt_verify_name    0x18094c1b    0x98  Code  Lc  x509_crt.o [1]
x509_crt_verify_strings
                        0x180c387c    0xa8  Data  Lc  x509_crt.o [1]
x509_crt_verifycrl      0x180945f3   0x120  Code  Lc  x509_crt.o [1]
x509_date_is_valid      0x180a6ed9    0xda  Code  Lc  x509.o [1]
x509_get_attr_type_value
                        0x180a6d13    0xec  Code  Lc  x509.o [1]
x509_get_basic_constraints
                        0x1809308f    0xa8  Code  Lc  x509_crt.o [1]
x509_get_crt_ext        0x18093313   0x1da  Code  Lc  x509_crt.o [1]
x509_get_dates          0x18092fd7    0x68  Code  Lc  x509_crt.o [1]
x509_get_ext_key_usage  0x180931e7    0x30  Code  Lc  x509_crt.o [1]
x509_get_hash_alg       0x180a6a89    0xa4  Code  Lc  x509.o [1]
x509_get_key_usage      0x18093177    0x70  Code  Lc  x509_crt.o [1]
x509_get_ns_cert_type   0x18093137    0x40  Code  Lc  x509_crt.o [1]
x509_get_subject_alt_name
                        0x18093217    0xfc  Code  Lc  x509_crt.o [1]
x509_get_uid            0x1809303f    0x50  Code  Lc  x509_crt.o [1]
x509_get_version        0x18092f7d    0x5a  Code  Lc  x509_crt.o [1]
x509_info_cert_type     0x18093abf   0x194  Code  Lc  x509_crt.o [1]
x509_info_ext_key_usage
                        0x18093e35    0x72  Code  Lc  x509_crt.o [1]
x509_info_key_usage     0x18093c61   0x1ca  Code  Lc  x509_crt.o [1]
x509_info_subject_alt_name
                        0x18093a49    0x76  Code  Lc  x509_crt.o [1]
x509_memcasecmp         0x18094713    0x52  Code  Lc  x509_crt.o [1]
x509_name_cmp           0x1809483d    0x6e  Code  Lc  x509_crt.o [1]
x509_parse_int          0x180a6e95    0x44  Code  Lc  x509.o [1]
x509_parse_time         0x180a6fb3    0xfa  Code  Lc  x509.o [1]
x509_profile_check_key  0x18092f15    0x68  Code  Lc  x509_crt.o [1]
x509_profile_check_md_alg
                        0x18092edd    0x1c  Code  Lc  x509_crt.o [1]
x509_profile_check_pk_alg
                        0x18092ef9    0x1c  Code  Lc  x509_crt.o [1]
x509_string_cmp         0x180947dd    0x60  Code  Lc  x509_crt.o [1]
xActiveTimerList1       0x100270fc    0x14  Data  Lc  timers.o [1]
xActiveTimerList2       0x10027110    0x14  Data  Lc  timers.o [1]
xBlockAllocatedBit      0x10019980     0x4  Data  Lc  heap_4.o [1]
xDelayedTaskList1       0x10026e48    0x14  Data  Lc  tasks.o [1]
xDelayedTaskList2       0x10026e5c    0x14  Data  Lc  tasks.o [1]
xEventGroupClearBits    0x180afecd    0x1c  Code  Gb  event_groups.o [1]
xEventGroupCreate       0x180afdc5    0x20  Code  Gb  event_groups.o [1]
xEventGroupGetBitsFromISR
                        0x180afee9    0x20  Code  Gb  event_groups.o [1]
xEventGroupSetBits      0x180aff09    0xac  Code  Gb  event_groups.o [1]
xEventGroupWaitBits     0x180afde5    0xe4  Code  Gb  event_groups.o [1]
xFreeBytesRemaining     0x10019978     0x4  Data  Lc  heap_4.o [1]
xHeapStructSize         0x180b6acc     0x4  Data  Lc  heap_4.o [1]
xIdleTaskHandle         0x10026edc     0x4  Data  Lc  tasks.o [1]
xMaximumPossibleSuppressedTicks
                        0x10026498     0x4  Data  Lc  port.o [1]
xMinimumEverFreeBytesRemaining
                        0x1001997c     0x4  Data  Lc  heap_4.o [1]
xNextTaskUnblockTime    0x10026ed8     0x4  Data  Lc  tasks.o [1]
xNumOfOverflows         0x10026ed0     0x4  Data  Lc  tasks.o [1]
xPendingReadyList       0x10026e78    0x14  Data  Lc  tasks.o [1]
xPortGetFreeHeapSize    0x18063959     0x6  Code  Gb  heap_4.o [1]
xPortPendSVHandler      0x180c4509          Code  Gb  portasm.o [1]
xPortStartScheduler     0x18063715    0x3c  Code  Gb  port.o [1]
xPortSysTickHandler     0x18063785    0x28  Code  Gb  port.o [1]
xQueueCreateCountingSemaphore
                        0x18061f23    0x1c  Code  Gb  queue.o [1]
xQueueCreateMutex       0x18061f03    0x20  Code  Gb  queue.o [1]
xQueueGenericCreate     0x18061e65    0x4a  Code  Gb  queue.o [1]
xQueueGenericCreateStatic
                        0x18061e31    0x34  Code  Gb  queue.o [1]
xQueueGenericReset      0x18061db1    0x80  Code  Gb  queue.o [1]
xQueueGenericSend       0x18061f3f   0x122  Code  Gb  queue.o [1]
xQueueGenericSendFromISR
                        0x18062061    0x84  Code  Gb  queue.o [1]
xQueueGiveFromISR       0x180620e5    0x7a  Code  Gb  queue.o [1]
xQueueReceive           0x1806215f   0x108  Code  Gb  queue.o [1]
xQueueReceiveFromISR    0x180623ad    0x82  Code  Gb  queue.o [1]
xQueueSemaphoreTake     0x18062267   0x140  Code  Gb  queue.o [1]
xSchedulerRunning       0x10026ec4     0x4  Data  Lc  tasks.o [1]
xStart                  0x1001996c     0x8  Data  Lc  heap_4.o [1]
xSuspendedTaskList      0x10026ea4    0x14  Data  Lc  tasks.o [1]
xTaskCheckForTimeOut    0x18063171    0x68  Code  Gb  tasks.o [1]
xTaskCreate             0x1806269b    0x8a  Code  Gb  tasks.o [1]
xTaskCreateStatic       0x18062639    0x62  Code  Gb  tasks.o [1]
xTaskGetCurrentTaskHandle
                        0x18063379     0xa  Code  Gb  tasks.o [1]
xTaskGetSchedulerState  0x18063383    0x26  Code  Gb  tasks.o [1]
xTaskGetTickCount       0x18062e45     0xa  Code  Gb  tasks.o [1]
xTaskGetTickCountFromISR
                        0x18062e4f     0xe  Code  Gb  tasks.o [1]
xTaskIncrementTick      0x18062e81   0x110  Code  Gb  tasks.o [1]
xTaskPriorityDisinherit
                        0x18063475    0x8a  Code  Gb  tasks.o [1]
xTaskPriorityInherit    0x180633ad    0xc8  Code  Gb  tasks.o [1]
xTaskRemoveFromEventList
                        0x18063097    0x76  Code  Gb  tasks.o [1]
xTaskResumeAll          0x18062d35   0x110  Code  Gb  tasks.o [1]
xTasksWaitingTermination
                        0x10026e8c    0x14  Data  Lc  tasks.o [1]
xTickCount              0x10026ebc     0x4  Data  Lc  tasks.o [1]
xTimerCreate            0x18063e29    0x40  Code  Gb  timers.o [1]
xTimerCreateTimerTask   0x18063dcd    0x5c  Code  Gb  timers.o [1]
xTimerGenericCommand    0x18063ea7    0x74  Code  Gb  timers.o [1]
xTimerIsTimerActive     0x18064219    0x1e  Code  Gb  timers.o [1]
xTimerPendFunctionCallFromISR
                        0x1806424b    0x30  Code  Gb  timers.o [1]
xTimerQueue             0x1002712c     0x4  Data  Lc  timers.o [1]
xTimerTaskHandle        0x10027130     0x4  Data  Lc  timers.o [1]
xYieldPending           0x10026ecc     0x4  Data  Lc  tasks.o [1]
xnetif                  0x100279cc    0x88  Data  Gb  lwip_conf.o [6]


[1] = E:\sdk\zg\code_rf\s907x_freertos\out\IAR\Debug\Obj
[2] = command line
[3] = dl7M_tlf.a
[4] = m7M_tls.a
[5] = rt7M_tl.a
[6] = s907x_net.a
[7] = s907x_platform.a
[8] = shb_l.a

  337 764 bytes of readonly  code memory
   73 295 bytes of readonly  data memory
   78 793 bytes of readwrite data memory

Errors: none
Warnings: 1
